Archive member included to satisfy reference by file (symbol)

D:\ECG_Heartbeat_Classification\hardware\prjHeartEcg\Drivers\CMSIS\Lib\GCC\libarm_cortexM4lf_math.a(arm_const_structs.o)
                              ./Core/Src/main.o (arm_cfft_sR_q15_len64)
D:\ECG_Heartbeat_Classification\hardware\prjHeartEcg\Drivers\CMSIS\Lib\GCC\libarm_cortexM4lf_math.a(arm_common_tables.o)
                              D:\ECG_Heartbeat_Classification\hardware\prjHeartEcg\Drivers\CMSIS\Lib\GCC\libarm_cortexM4lf_math.a(arm_const_structs.o) (twiddleCoef_rfft_4096)
D:\ECG_Heartbeat_Classification\hardware\prjHeartEcg\Drivers\CMSIS\Lib\GCC\libarm_cortexM4lf_math.a(arm_cfft_q15.o)
                              ./Core/Src/main.o (arm_cfft_q15)
D:\ECG_Heartbeat_Classification\hardware\prjHeartEcg\Drivers\CMSIS\Lib\GCC\libarm_cortexM4lf_math.a(arm_bitreversal2.o)
                              D:\ECG_Heartbeat_Classification\hardware\prjHeartEcg\Drivers\CMSIS\Lib\GCC\libarm_cortexM4lf_math.a(arm_cfft_q15.o) (arm_bitreversal_16)
D:\ECG_Heartbeat_Classification\hardware\prjHeartEcg\Drivers\CMSIS\Lib\GCC\libarm_cortexM4lf_math.a(arm_rfft_init_q31.o)
                              D:\ECG_Heartbeat_Classification\hardware\prjHeartEcg\Drivers\CMSIS\Lib\GCC\libarm_cortexM4lf_math.a(arm_const_structs.o) (realCoefBQ31)
D:\ECG_Heartbeat_Classification\hardware\prjHeartEcg\Drivers\CMSIS\Lib\GCC\libarm_cortexM4lf_math.a(arm_rfft_init_q15.o)
                              D:\ECG_Heartbeat_Classification\hardware\prjHeartEcg\Drivers\CMSIS\Lib\GCC\libarm_cortexM4lf_math.a(arm_const_structs.o) (realCoefBQ15)
D:\ECG_Heartbeat_Classification\hardware\prjHeartEcg\Drivers\CMSIS\Lib\GCC\libarm_cortexM4lf_math.a(arm_cfft_radix4_q15.o)
                              D:\ECG_Heartbeat_Classification\hardware\prjHeartEcg\Drivers\CMSIS\Lib\GCC\libarm_cortexM4lf_math.a(arm_cfft_q15.o) (arm_radix4_butterfly_q15)
D:\ECG_Heartbeat_Classification\hardware\prjHeartEcg\Drivers\CMSIS\Lib\GCC\libarm_cortexM4lf_math.a(arm_cmplx_mag_q15.o)
                              ./Core/Src/main.o (arm_cmplx_mag_q15)
D:\ECG_Heartbeat_Classification\hardware\prjHeartEcg\Drivers\CMSIS\Lib\GCC\libarm_cortexM4lf_math.a(arm_sqrt_q15.o)
                              D:\ECG_Heartbeat_Classification\hardware\prjHeartEcg\Drivers\CMSIS\Lib\GCC\libarm_cortexM4lf_math.a(arm_cmplx_mag_q15.o) (arm_sqrt_q15)
D:\ECG_Heartbeat_Classification\hardware\prjHeartEcg\Drivers\CMSIS\Lib\GCC\libarm_cortexM4lf_math.a(arm_bitreversal.o)
                              D:\ECG_Heartbeat_Classification\hardware\prjHeartEcg\Drivers\CMSIS\Lib\GCC\libarm_cortexM4lf_math.a(arm_cfft_radix4_q15.o) (arm_bitreversal_q15)
../Middlewares/ST/AI/Lib\NetworkRuntime1000_CM4_GCC.a(ai_platform.o)
                              ./X-CUBE-AI/App/network.o (ai_buffer_array_item_set_address)
../Middlewares/ST/AI/Lib\NetworkRuntime1000_CM4_GCC.a(ai_platform_interface.o)
                              ./X-CUBE-AI/App/network.o (ai_platform_get_weights_map)
../Middlewares/ST/AI/Lib\NetworkRuntime1000_CM4_GCC.a(core_common.o)
                              ../Middlewares/ST/AI/Lib\NetworkRuntime1000_CM4_GCC.a(ai_platform_interface.o) (core_init)
../Middlewares/ST/AI/Lib\NetworkRuntime1000_CM4_GCC.a(core_mem_manager.o)
                              ../Middlewares/ST/AI/Lib\NetworkRuntime1000_CM4_GCC.a(ai_platform_interface.o) (core_mem_alloc)
../Middlewares/ST/AI/Lib\NetworkRuntime1000_CM4_GCC.a(layers.o)
                              ../Middlewares/ST/AI/Lib\NetworkRuntime1000_CM4_GCC.a(ai_platform_interface.o) (ai_check_custom_types)
../Middlewares/ST/AI/Lib\NetworkRuntime1000_CM4_GCC.a(layers_conv2d_generic_float.o)
                              ./X-CUBE-AI/App/network.o (forward_conv2d_if32of32wf32)
../Middlewares/ST/AI/Lib\NetworkRuntime1000_CM4_GCC.a(layers_nl_generic_float.o)
                              ./X-CUBE-AI/App/network.o (forward_sigmoid)
../Middlewares/ST/AI/Lib\NetworkRuntime1000_CM4_GCC.a(layers_pool_generic_float.o)
                              ./X-CUBE-AI/App/network.o (forward_mp)
../Middlewares/ST/AI/Lib\NetworkRuntime1000_CM4_GCC.a(layers_conv2d_integer_scratch.o)
                              ../Middlewares/ST/AI/Lib\NetworkRuntime1000_CM4_GCC.a(layers.o) (get_conv2d_scratch_size)
../Middlewares/ST/AI/Lib\NetworkRuntime1000_CM4_GCC.a(forward_lite_conv2d_if32of32wf32.o)
                              ../Middlewares/ST/AI/Lib\NetworkRuntime1000_CM4_GCC.a(layers_conv2d_generic_float.o) (forward_lite_conv2d_if32of32wf32)
../Middlewares/ST/AI/Lib\NetworkRuntime1000_CM4_GCC.a(lite_nl_softmax_if32of32.o)
                              ../Middlewares/ST/AI/Lib\NetworkRuntime1000_CM4_GCC.a(layers_nl_generic_float.o) (forward_lite_nl_softmax_if32of32_kernel)
../Middlewares/ST/AI/Lib\NetworkRuntime1000_CM4_GCC.a(lite_nl_relu_if32of32.o)
                              ../Middlewares/ST/AI/Lib\NetworkRuntime1000_CM4_GCC.a(layers_nl_generic_float.o) (forward_lite_nl_prelu_if32of32_kernel)
[...]
Memory Configuration

Name             Origin             Length             Attributes
CCMRAM           0x10000000         0x00010000         xrw
RAM              0x20000000         0x0001c000         xrw
FLASH            0x08000000         0x00100000         xr
*default*        0x00000000         0xffffffff

Linker script and memory map

LOAD C:/ST/STM32CubeIDE_1.16.0/STM32CubeIDE/plugins/com.st.stm32cube.ide.mcu.externaltools.gnu-tools-for-stm32.12.3.rel1.win32_1.0.200.202406191623/tools/bin/../lib/gcc/arm-none-eabi/12.3.1/thumb/v7e-m+fp/hard/crti.o
LOAD C:/ST/STM32CubeIDE_1.16.0/STM32CubeIDE/plugins/com.st.stm32cube.ide.mcu.externaltools.gnu-tools-for-stm32.12.3.rel1.win32_1.0.200.202406191623/tools/bin/../lib/gcc/arm-none-eabi/12.3.1/thumb/v7e-m+fp/hard/crtbegin.o
LOAD C:/ST/STM32CubeIDE_1.16.0/STM32CubeIDE/plugins/com.st.stm32cube.ide.mcu.externaltools.gnu-tools-for-stm32.12.3.rel1.win32_1.0.200.202406191623/tools/bin/../lib/gcc/arm-none-eabi/12.3.1/../../../../arm-none-eabi/lib/thumb/v7e-m+fp/hard/crt0.o
LOAD ./Core/Src/main.o
LOAD ./Core/Src/stm32f4xx_hal_msp.o
LOAD ./Core/Src/stm32f4xx_it.o
LOAD ./Core/Src/sysmem.o
LOAD ./Core/Src/system_stm32f4xx.o
LOAD ./Core/Startup/startup_stm32f407vgtx.o
LOAD ./Drivers/STM32F4xx_HAL_Driver/Src/stm32f4xx_hal.o
LOAD ./Drivers/STM32F4xx_HAL_Driver/Src/stm32f4xx_hal_adc.o
LOAD ./Drivers/STM32F4xx_HAL_Driver/Src/stm32f4xx_hal_adc_ex.o
LOAD ./Drivers/STM32F4xx_HAL_Driver/Src/stm32f4xx_hal_cortex.o
LOAD ./Drivers/STM32F4xx_HAL_Driver/Src/stm32f4xx_hal_dma.o
LOAD ./Drivers/STM32F4xx_HAL_Driver/Src/stm32f4xx_hal_dma_ex.o
LOAD ./Drivers/STM32F4xx_HAL_Driver/Src/stm32f4xx_hal_exti.o
LOAD ./Drivers/STM32F4xx_HAL_Driver/Src/stm32f4xx_hal_flash.o
LOAD ./Drivers/STM32F4xx_HAL_Driver/Src/stm32f4xx_hal_flash_ex.o
LOAD ./Drivers/STM32F4xx_HAL_Driver/Src/stm32f4xx_hal_flash_ramfunc.o
LOAD ./Drivers/STM32F4xx_HAL_Driver/Src/stm32f4xx_hal_gpio.o
LOAD ./Drivers/STM32F4xx_HAL_Driver/Src/stm32f4xx_hal_pwr.o
LOAD ./Drivers/STM32F4xx_HAL_Driver/Src/stm32f4xx_hal_pwr_ex.o
LOAD ./Drivers/STM32F4xx_HAL_Driver/Src/stm32f4xx_hal_rcc.o
LOAD ./Drivers/STM32F4xx_HAL_Driver/Src/stm32f4xx_hal_rcc_ex.o
LOAD ./Drivers/STM32F4xx_HAL_Driver/Src/stm32f4xx_hal_tim.o
LOAD ./Drivers/STM32F4xx_HAL_Driver/Src/stm32f4xx_hal_tim_ex.o
LOAD ./Drivers/STM32F4xx_HAL_Driver/Src/stm32f4xx_ll_adc.o
LOAD ./X-CUBE-AI/App/network.o
LOAD ./X-CUBE-AI/App/network_data.o
LOAD ./X-CUBE-AI/App/network_data_params.o
LOAD D:\ECG_Heartbeat_Classification\hardware\prjHeartEcg\Drivers\CMSIS\Lib\GCC\libarm_cortexM4lf_math.a
LOAD ../Middlewares/ST/AI/Lib\NetworkRuntime1000_CM4_GCC.a
START GROUP
LOAD C:/ST/STM32CubeIDE_1.16.0/STM32CubeIDE/plugins/com.st.stm32cube.ide.mcu.externaltools.gnu-tools-for-stm32.12.3.rel1.win32_1.0.200.202406191623/tools/bin/../lib/gcc/arm-none-eabi/12.3.1/../../../../arm-none-eabi/lib/thumb/v7e-m+fp/hard\libc_nano.a
LOAD C:/ST/STM32CubeIDE_1.16.0/STM32CubeIDE/plugins/com.st.stm32cube.ide.mcu.externaltools.gnu-tools-for-stm32.12.3.rel1.win32_1.0.200.202406191623/tools/bin/../lib/gcc/arm-none-eabi/12.3.1/../../../../arm-none-eabi/lib/thumb/v7e-m+fp/hard\libm.a
END GROUP
START GROUP
LOAD C:/ST/STM32CubeIDE_1.16.0/STM32CubeIDE/plugins/com.st.stm32cube.ide.mcu.externaltools.gnu-tools-for-stm32.12.3.rel1.win32_1.0.200.202406191623/tools/bin/../lib/gcc/arm-none-eabi/12.3.1/thumb/v7e-m+fp/hard\libgcc.a
LOAD C:/ST/STM32CubeIDE_1.16.0/STM32CubeIDE/plugins/com.st.stm32cube.ide.mcu.externaltools.gnu-tools-for-stm32.12.3.rel1.win32_1.0.200.202406191623/tools/bin/../lib/gcc/arm-none-eabi/12.3.1/../../../../arm-none-eabi/lib/thumb/v7e-m+fp/hard\libc_nano.a
END GROUP
START GROUP
LOAD C:/ST/STM32CubeIDE_1.16.0/STM32CubeIDE/plugins/com.st.stm32cube.ide.mcu.externaltools.gnu-tools-for-stm32.12.3.rel1.win32_1.0.200.202406191623/tools/bin/../lib/gcc/arm-none-eabi/12.3.1/thumb/v7e-m+fp/hard\libgcc.a
LOAD C:/ST/STM32CubeIDE_1.16.0/STM32CubeIDE/plugins/com.st.stm32cube.ide.mcu.externaltools.gnu-tools-for-stm32.12.3.rel1.win32_1.0.200.202406191623/tools/bin/../lib/gcc/arm-none-eabi/12.3.1/../../../../arm-none-eabi/lib/thumb/v7e-m+fp/hard\libc_nano.a
LOAD C:/ST/STM32CubeIDE_1.16.0/STM32CubeIDE/plugins/com.st.stm32cube.ide.mcu.externaltools.gnu-tools-for-stm32.12.3.rel1.win32_1.0.200.202406191623/tools/bin/../lib/gcc/arm-none-eabi/12.3.1/../../../../arm-none-eabi/lib/thumb/v7e-m+fp/hard\libnosys.a
END GROUP
START GROUP
LOAD C:/ST/STM32CubeIDE_1.16.0/STM32CubeIDE/plugins/com.st.stm32cube.ide.mcu.externaltools.gnu-tools-for-stm32.12.3.rel1.win32_1.0.200.202406191623/tools/bin/../lib/gcc/arm-none-eabi/12.3.1/thumb/v7e-m+fp/hard\libgcc.a
LOAD C:/ST/STM32CubeIDE_1.16.0/STM32CubeIDE/plugins/com.st.stm32cube.ide.mcu.externaltools.gnu-tools-for-stm32.12.3.rel1.win32_1.0.200.202406191623/tools/bin/../lib/gcc/arm-none-eabi/12.3.1/../../../../arm-none-eabi/lib/thumb/v7e-m+fp/hard\libc_nano.a
LOAD C:/ST/STM32CubeIDE_1.16.0/STM32CubeIDE/plugins/com.st.stm32cube.ide.mcu.externaltools.gnu-tools-for-stm32.12.3.rel1.win32_1.0.200.202406191623/tools/bin/../lib/gcc/arm-none-eabi/12.3.1/../../../../arm-none-eabi/lib/thumb/v7e-m+fp/hard\libnosys.a
END GROUP
LOAD C:/ST/STM32CubeIDE_1.16.0/STM32CubeIDE/plugins/com.st.stm32cube.ide.mcu.externaltools.gnu-tools-for-stm32.12.3.rel1.win32_1.0.200.202406191623/tools/bin/../lib/gcc/arm-none-eabi/12.3.1/thumb/v7e-m+fp/hard/crtend.o
LOAD C:/ST/STM32CubeIDE_1.16.0/STM32CubeIDE/plugins/com.st.stm32cube.ide.mcu.externaltools.gnu-tools-for-stm32.12.3.rel1.win32_1.0.200.202406191623/tools/bin/../lib/gcc/arm-none-eabi/12.3.1/thumb/v7e-m+fp/hard/crtn.o
                0x2001c000                        _estack = (ORIGIN (RAM) + LENGTH (RAM))
                0x00000800                        _Min_Heap_Size = 0x800
                0x00000800                        _Min_Stack_Size = 0x800

.isr_vector     0x08000000      0x188
                0x08000000                        . = ALIGN (0x4)
 *(.isr_vector)
 .isr_vector    0x08000000      0x188 ./Core/Startup/startup_stm32f407vgtx.o
                0x08000000                g_pfnVectors
                0x08000188                        . = ALIGN (0x4)

.text           0x08000188     0x3e58
                0x08000188                        . = ALIGN (0x4)
 *(.text)
 .text          0x08000188       0x40 C:/ST/STM32CubeIDE_1.16.0/STM32CubeIDE/plugins/com.st.stm32cube.ide.mcu.externaltools.gnu-tools-for-stm32.12.3.rel1.win32_1.0.200.202406191623/tools/bin/../lib/gcc/arm-none-eabi/12.3.1/thumb/v7e-m+fp/hard/crtbegin.o
 .text          0x080001c8       0xc0 D:\ECG_Heartbeat_Classification\hardware\prjHeartEcg\Drivers\CMSIS\Lib\GCC\libarm_cortexM4lf_math.a(arm_bitreversal2.o)
                0x080001c8                arm_bitreversal_32
                0x08000232                arm_bitreversal_16
 .text          0x08000288      0x378 C:/ST/STM32CubeIDE_1.16.0/STM32CubeIDE/plugins/com.st.stm32cube.ide.mcu.externaltools.gnu-tools-for-stm32.12.3.rel1.win32_1.0.200.202406191623/tools/bin/../lib/gcc/arm-none-eabi/12.3.1/thumb/v7e-m+fp/hard\libgcc.a(_arm_addsubdf3.o)
                0x08000288                __aeabi_drsub
                0x08000290                __aeabi_dsub
                0x08000290                __subdf3
                0x08000294                __aeabi_dadd
                0x08000294                __adddf3
                0x0800050c                __floatunsidf
                0x0800050c                __aeabi_ui2d
                0x0800052c                __floatsidf
                0x0800052c                __aeabi_i2d
                0x08000550                __aeabi_f2d
                0x08000550                __extendsfdf2
                0x08000594                __floatundidf
                0x08000594                __aeabi_ul2d
                0x080005a4                __floatdidf
                0x080005a4                __aeabi_l2d
 .text          0x08000600      0x424 C:/ST/STM32CubeIDE_1.16.0/STM32CubeIDE/plugins/com.st.stm32cube.ide.mcu.externaltools.gnu-tools-for-stm32.12.3.rel1.win32_1.0.200.202406191623/tools/bin/../lib/gcc/arm-none-eabi/12.3.1/thumb/v7e-m+fp/hard\libgcc.a(_arm_muldivdf3.o)
                0x08000600                __aeabi_dmul
                0x08000600                __muldf3
                0x08000854                __divdf3
                0x08000854                __aeabi_ddiv
 .text          0x08000a24      0x110 C:/ST/STM32CubeIDE_1.16.0/STM32CubeIDE/plugins/com.st.stm32cube.ide.mcu.externaltools.gnu-tools-for-stm32.12.3.rel1.win32_1.0.200.202406191623/tools/bin/../lib/gcc/arm-none-eabi/12.3.1/thumb/v7e-m+fp/hard\libgcc.a(_arm_cmpdf2.o)
                0x08000a24                __gtdf2
                0x08000a24                __gedf2
                0x08000a2c                __ltdf2
                0x08000a2c                __ledf2
                0x08000a34                __nedf2
                0x08000a34                __eqdf2
                0x08000a34                __cmpdf2
                0x08000ab0                __aeabi_cdrcmple
                0x08000ac0                __aeabi_cdcmpeq
                0x08000ac0                __aeabi_cdcmple
                0x08000ad0                __aeabi_dcmpeq
                0x08000ae4                __aeabi_dcmplt
                0x08000af8                __aeabi_dcmple
                0x08000b0c                __aeabi_dcmpge
                0x08000b20                __aeabi_dcmpgt
 .text          0x08000b34       0x50 C:/ST/STM32CubeIDE_1.16.0/STM32CubeIDE/plugins/com.st.stm32cube.ide.mcu.externaltools.gnu-tools-for-stm32.12.3.rel1.win32_1.0.200.202406191623/tools/bin/../lib/gcc/arm-none-eabi/12.3.1/thumb/v7e-m+fp/hard\libgcc.a(_arm_fixdfsi.o)
                0x08000b34                __aeabi_d2iz
                0x08000b34                __fixdfsi
 .text          0x08000b84       0x30 C:/ST/STM32CubeIDE_1.16.0/STM32CubeIDE/plugins/com.st.stm32cube.ide.mcu.externaltools.gnu-tools-for-stm32.12.3.rel1.win32_1.0.200.202406191623/tools/bin/../lib/gcc/arm-none-eabi/12.3.1/thumb/v7e-m+fp/hard\libgcc.a(_aeabi_uldivmod.o)
                0x08000b84                __aeabi_uldivmod
 .text          0x08000bb4      0x2bc C:/ST/STM32CubeIDE_1.16.0/STM32CubeIDE/plugins/com.st.stm32cube.ide.mcu.externaltools.gnu-tools-for-stm32.12.3.rel1.win32_1.0.200.202406191623/tools/bin/../lib/gcc/arm-none-eabi/12.3.1/thumb/v7e-m+fp/hard\libgcc.a(_udivmoddi4.o)
                0x08000bb4                __udivmoddi4
 .text          0x08000e70        0x4 C:/ST/STM32CubeIDE_1.16.0/STM32CubeIDE/plugins/com.st.stm32cube.ide.mcu.externaltools.gnu-tools-for-stm32.12.3.rel1.win32_1.0.200.202406191623/tools/bin/../lib/gcc/arm-none-eabi/12.3.1/thumb/v7e-m+fp/hard\libgcc.a(_dvmd_tls.o)
                0x08000e70                __aeabi_idiv0
                0x08000e70                __aeabi_ldiv0
 *(.text*)
 *fill*         0x08000e74        0x4 
 .text.main     0x08000e78      0x124 ./Core/Src/main.o
                0x08000e78                main
 .text.SystemClock_Config
                0x08000f9c       0xd4 ./Core/Src/main.o
                0x08000f9c                SystemClock_Config
 .text.MX_ADC1_Init
                0x08001070       0xa4 ./Core/Src/main.o
 .text.MX_GPIO_Init
                0x08001114       0x34 ./Core/Src/main.o
 .text.Error_Handler
                0x08001148        0xc ./Core/Src/main.o
                0x08001148                Error_Handler
 .text.HAL_MspInit
                0x08001154       0x50 ./Core/Src/stm32f4xx_hal_msp.o
                0x08001154                HAL_MspInit
 .text.HAL_ADC_MspInit
                0x080011a4       0x88 ./Core/Src/stm32f4xx_hal_msp.o
                0x080011a4                HAL_ADC_MspInit
 .text.NMI_Handler
                0x0800122c        0x8 ./Core/Src/stm32f4xx_it.o
                0x0800122c                NMI_Handler
 .text.HardFault_Handler
                0x08001234        0x8 ./Core/Src/stm32f4xx_it.o
                0x08001234                HardFault_Handler
 .text.MemManage_Handler
                0x0800123c        0x8 ./Core/Src/stm32f4xx_it.o
                0x0800123c                MemManage_Handler
 .text.BusFault_Handler
                0x08001244        0x8 ./Core/Src/stm32f4xx_it.o
                0x08001244                BusFault_Handler
 .text.UsageFault_Handler
                0x0800124c        0x8 ./Core/Src/stm32f4xx_it.o
                0x0800124c                UsageFault_Handler
 .text.SVC_Handler
                0x08001254        0xe ./Core/Src/stm32f4xx_it.o
                0x08001254                SVC_Handler
 .text.DebugMon_Handler
                0x08001262        0xe ./Core/Src/stm32f4xx_it.o
                0x08001262                DebugMon_Handler
 .text.PendSV_Handler
                0x08001270        0xe ./Core/Src/stm32f4xx_it.o
                0x08001270                PendSV_Handler
 .text.SysTick_Handler
                0x0800127e        0xc ./Core/Src/stm32f4xx_it.o
                0x0800127e                SysTick_Handler
 *fill*         0x0800128a        0x2 
 .text.SystemInit
                0x0800128c       0x24 ./Core/Src/system_stm32f4xx.o
                0x0800128c                SystemInit
 .text.Reset_Handler
                0x080012b0       0x50 ./Core/Startup/startup_stm32f407vgtx.o
                0x080012b0                Reset_Handler
 .text.Default_Handler
                0x08001300        0x2 ./Core/Startup/startup_stm32f407vgtx.o
                0x08001300                RTC_Alarm_IRQHandler
                0x08001300                HASH_RNG_IRQHandler
                0x08001300                EXTI2_IRQHandler
                0x08001300                TIM8_CC_IRQHandler
                0x08001300                TIM1_CC_IRQHandler
                0x08001300                DMA2_Stream5_IRQHandler
                0x08001300                DMA1_Stream5_IRQHandler
                0x08001300                PVD_IRQHandler
                0x08001300                SDIO_IRQHandler
                0x08001300                TAMP_STAMP_IRQHandler
                0x08001300                CAN2_RX1_IRQHandler
                0x08001300                EXTI3_IRQHandler
                0x08001300                TIM8_TRG_COM_TIM14_IRQHandler
                0x08001300                TIM1_UP_TIM10_IRQHandler
                0x08001300                TIM8_UP_TIM13_IRQHandler
                0x08001300                I2C3_ER_IRQHandler
                0x08001300                EXTI0_IRQHandler
                0x08001300                I2C2_EV_IRQHandler
                0x08001300                DMA1_Stream2_IRQHandler
                0x08001300                CAN1_RX0_IRQHandler
                0x08001300                FPU_IRQHandler
                0x08001300                OTG_HS_WKUP_IRQHandler
                0x08001300                CAN2_SCE_IRQHandler
                0x08001300                DMA2_Stream2_IRQHandler
                0x08001300                SPI1_IRQHandler
                0x08001300                TIM6_DAC_IRQHandler
                0x08001300                TIM1_BRK_TIM9_IRQHandler
                0x08001300                DCMI_IRQHandler
                0x08001300                CAN2_RX0_IRQHandler
                0x08001300                DMA2_Stream3_IRQHandler
                0x08001300                USART6_IRQHandler
                0x08001300                USART3_IRQHandler
                0x08001300                CAN1_RX1_IRQHandler
                0x08001300                UART5_IRQHandler
                0x08001300                DMA2_Stream0_IRQHandler
                0x08001300                TIM4_IRQHandler
                0x08001300                I2C1_EV_IRQHandler
                0x08001300                DMA1_Stream6_IRQHandler
                0x08001300                DMA1_Stream1_IRQHandler
                0x08001300                UART4_IRQHandler
                0x08001300                TIM3_IRQHandler
                0x08001300                RCC_IRQHandler
                0x08001300                TIM8_BRK_TIM12_IRQHandler
                0x08001300                Default_Handler
                0x08001300                EXTI15_10_IRQHandler
                0x08001300                ADC_IRQHandler
                0x08001300                DMA1_Stream7_IRQHandler
                0x08001300                TIM7_IRQHandler
                0x08001300                CAN2_TX_IRQHandler
                0x08001300                TIM5_IRQHandler
                0x08001300                DMA2_Stream7_IRQHandler
                0x08001300                I2C3_EV_IRQHandler
                0x08001300                EXTI9_5_IRQHandler
                0x08001300                RTC_WKUP_IRQHandler
                0x08001300                ETH_WKUP_IRQHandler
                0x08001300                SPI2_IRQHandler
                0x08001300                OTG_HS_EP1_IN_IRQHandler
                0x08001300                DMA1_Stream0_IRQHandler
                0x08001300                CAN1_TX_IRQHandler
                0x08001300                EXTI4_IRQHandler
                0x08001300                FSMC_IRQHandler
                0x08001300                ETH_IRQHandler
                0x08001300                OTG_HS_EP1_OUT_IRQHandler
                0x08001300                WWDG_IRQHandler
                0x08001300                TIM2_IRQHandler
                0x08001300                OTG_FS_WKUP_IRQHandler
                0x08001300                TIM1_TRG_COM_TIM11_IRQHandler
                0x08001300                OTG_HS_IRQHandler
                0x08001300                EXTI1_IRQHandler
                0x08001300                USART2_IRQHandler
                0x08001300                I2C2_ER_IRQHandler
                0x08001300                DMA2_Stream1_IRQHandler
                0x08001300                CAN1_SCE_IRQHandler
                0x08001300                FLASH_IRQHandler
                0x08001300                DMA2_Stream4_IRQHandler
                0x08001300                USART1_IRQHandler
                0x08001300                OTG_FS_IRQHandler
                0x08001300                SPI3_IRQHandler
                0x08001300                DMA1_Stream4_IRQHandler
                0x08001300                I2C1_ER_IRQHandler
                0x08001300                DMA2_Stream6_IRQHandler
                0x08001300                DMA1_Stream3_IRQHandler
 *fill*         0x08001302        0x2 
 .text.HAL_Init
                0x08001304       0x44 ./Drivers/STM32F4xx_HAL_Driver/Src/stm32f4xx_hal.o
                0x08001304                HAL_Init
 .text.HAL_InitTick
                0x08001348       0x60 ./Drivers/STM32F4xx_HAL_Driver/Src/stm32f4xx_hal.o
                0x08001348                HAL_InitTick
 .text.HAL_IncTick
                0x080013a8       0x28 ./Drivers/STM32F4xx_HAL_Driver/Src/stm32f4xx_hal.o
                0x080013a8                HAL_IncTick
 .text.HAL_GetTick
                0x080013d0       0x18 ./Drivers/STM32F4xx_HAL_Driver/Src/stm32f4xx_hal.o
                0x080013d0                HAL_GetTick
 .text.HAL_ADC_Init
                0x080013e8       0x86 ./Drivers/STM32F4xx_HAL_Driver/Src/stm32f4xx_hal_adc.o
                0x080013e8                HAL_ADC_Init
 *fill*         0x0800146e        0x2 
 .text.HAL_ADC_ConfigChannel
                0x08001470      0x244 ./Drivers/STM32F4xx_HAL_Driver/Src/stm32f4xx_hal_adc.o
                0x08001470                HAL_ADC_ConfigChannel
 .text.ADC_Init
                0x080016b4      0x1f8 ./Drivers/STM32F4xx_HAL_Driver/Src/stm32f4xx_hal_adc.o
 .text.__NVIC_SetPriorityGrouping
                0x080018ac       0x48 ./Drivers/STM32F4xx_HAL_Driver/Src/stm32f4xx_hal_cortex.o
 .text.__NVIC_GetPriorityGrouping
                0x080018f4       0x1c ./Drivers/STM32F4xx_HAL_Driver/Src/stm32f4xx_hal_cortex.o
 .text.__NVIC_SetPriority
                0x08001910       0x54 ./Drivers/STM32F4xx_HAL_Driver/Src/stm32f4xx_hal_cortex.o
 .text.NVIC_EncodePriority
                0x08001964       0x66 ./Drivers/STM32F4xx_HAL_Driver/Src/stm32f4xx_hal_cortex.o
 *fill*         0x080019ca        0x2 
 .text.SysTick_Config
                0x080019cc       0x44 ./Drivers/STM32F4xx_HAL_Driver/Src/stm32f4xx_hal_cortex.o
 .text.HAL_NVIC_SetPriorityGrouping
                0x08001a10       0x16 ./Drivers/STM32F4xx_HAL_Driver/Src/stm32f4xx_hal_cortex.o
                0x08001a10                HAL_NVIC_SetPriorityGrouping
 .text.HAL_NVIC_SetPriority
                0x08001a26       0x38 ./Drivers/STM32F4xx_HAL_Driver/Src/stm32f4xx_hal_cortex.o
                0x08001a26                HAL_NVIC_SetPriority
 .text.HAL_SYSTICK_Config
                0x08001a5e       0x18 ./Drivers/STM32F4xx_HAL_Driver/Src/stm32f4xx_hal_cortex.o
                0x08001a5e                HAL_SYSTICK_Config
 *fill*         0x08001a76        0x2 
 .text.HAL_GPIO_Init
                0x08001a78      0x338 ./Drivers/STM32F4xx_HAL_Driver/Src/stm32f4xx_hal_gpio.o
                0x08001a78                HAL_GPIO_Init
 .text.HAL_RCC_OscConfig
                0x08001db0      0x4f0 ./Drivers/STM32F4xx_HAL_Driver/Src/stm32f4xx_hal_rcc.o
                0x08001db0                HAL_RCC_OscConfig
 .text.HAL_RCC_ClockConfig
                0x080022a0      0x1cc ./Drivers/STM32F4xx_HAL_Driver/Src/stm32f4xx_hal_rcc.o
                0x080022a0                HAL_RCC_ClockConfig
 .text.HAL_RCC_GetSysClockFreq
                0x0800246c      0x18c ./Drivers/STM32F4xx_HAL_Driver/Src/stm32f4xx_hal_rcc.o
                0x0800246c                HAL_RCC_GetSysClockFreq
 .text.arm_cfft_radix4by2_q15
                0x080025f8       0xc8 D:\ECG_Heartbeat_Classification\hardware\prjHeartEcg\Drivers\CMSIS\Lib\GCC\libarm_cortexM4lf_math.a(arm_cfft_q15.o)
                0x080025f8                arm_cfft_radix4by2_q15
 .text.arm_cfft_radix4by2_inverse_q15
                0x080026c0       0xc8 D:\ECG_Heartbeat_Classification\hardware\prjHeartEcg\Drivers\CMSIS\Lib\GCC\libarm_cortexM4lf_math.a(arm_cfft_q15.o)
                0x080026c0                arm_cfft_radix4by2_inverse_q15
 .text.arm_cfft_q15
                0x08002788       0xbc D:\ECG_Heartbeat_Classification\hardware\prjHeartEcg\Drivers\CMSIS\Lib\GCC\libarm_cortexM4lf_math.a(arm_cfft_q15.o)
                0x08002788                arm_cfft_q15
 .text.arm_radix4_butterfly_q15
                0x08002844      0x25c D:\ECG_Heartbeat_Classification\hardware\prjHeartEcg\Drivers\CMSIS\Lib\GCC\libarm_cortexM4lf_math.a(arm_cfft_radix4_q15.o)
                0x08002844                arm_radix4_butterfly_q15
 .text.arm_radix4_butterfly_inverse_q15
                0x08002aa0      0x25c D:\ECG_Heartbeat_Classification\hardware\prjHeartEcg\Drivers\CMSIS\Lib\GCC\libarm_cortexM4lf_math.a(arm_cfft_radix4_q15.o)
                0x08002aa0                arm_radix4_butterfly_inverse_q15
 .text.arm_cmplx_mag_q15
                0x08002cfc       0xa4 D:\ECG_Heartbeat_Classification\hardware\prjHeartEcg\Drivers\CMSIS\Lib\GCC\libarm_cortexM4lf_math.a(arm_cmplx_mag_q15.o)
                0x08002cfc                arm_cmplx_mag_q15
 .text.arm_sqrt_q15
                0x08002da0       0xe0 D:\ECG_Heartbeat_Classification\hardware\prjHeartEcg\Drivers\CMSIS\Lib\GCC\libarm_cortexM4lf_math.a(arm_sqrt_q15.o)
                0x08002da0                arm_sqrt_q15
 .text.memset   0x08002e80       0x10 C:/ST/STM32CubeIDE_1.16.0/STM32CubeIDE/plugins/com.st.stm32cube.ide.mcu.externaltools.gnu-tools-for-stm32.12.3.rel1.win32_1.0.200.202406191623/tools/bin/../lib/gcc/arm-none-eabi/12.3.1/../../../../arm-none-eabi/lib/thumb/v7e-m+fp/hard\libc_nano.a(libc_a-memset.o)
                0x08002e80                memset
 .text.__libc_init_array
                0x08002e90       0x48 C:/ST/STM32CubeIDE_1.16.0/STM32CubeIDE/plugins/com.st.stm32cube.ide.mcu.externaltools.gnu-tools-for-stm32.12.3.rel1.win32_1.0.200.202406191623/tools/bin/../lib/gcc/arm-none-eabi/12.3.1/../../../../arm-none-eabi/lib/thumb/v7e-m+fp/hard\libc_nano.a(libc_a-init.o)
                0x08002e90                __libc_init_array
 .text.sin      0x08002ed8       0xa8 C:/ST/STM32CubeIDE_1.16.0/STM32CubeIDE/plugins/com.st.stm32cube.ide.mcu.externaltools.gnu-tools-for-stm32.12.3.rel1.win32_1.0.200.202406191623/tools/bin/../lib/gcc/arm-none-eabi/12.3.1/../../../../arm-none-eabi/lib/thumb/v7e-m+fp/hard\libm.a(libm_a-s_sin.o)
                0x08002ed8                sin
 .text.round    0x08002f80       0x8c C:/ST/STM32CubeIDE_1.16.0/STM32CubeIDE/plugins/com.st.stm32cube.ide.mcu.externaltools.gnu-tools-for-stm32.12.3.rel1.win32_1.0.200.202406191623/tools/bin/../lib/gcc/arm-none-eabi/12.3.1/../../../../arm-none-eabi/lib/thumb/v7e-m+fp/hard\libm.a(libm_a-s_round.o)
                0x08002f80                round
 *fill*         0x0800300c        0x4 
 .text.__kernel_cos
                0x08003010      0x18c C:/ST/STM32CubeIDE_1.16.0/STM32CubeIDE/plugins/com.st.stm32cube.ide.mcu.externaltools.gnu-tools-for-stm32.12.3.rel1.win32_1.0.200.202406191623/tools/bin/../lib/gcc/arm-none-eabi/12.3.1/../../../../arm-none-eabi/lib/thumb/v7e-m+fp/hard\libm.a(libm_a-k_cos.o)
                0x08003010                __kernel_cos
 *fill*         0x0800319c        0x4 
 .text.__kernel_sin
                0x080031a0      0x174 C:/ST/STM32CubeIDE_1.16.0/STM32CubeIDE/plugins/com.st.stm32cube.ide.mcu.externaltools.gnu-tools-for-stm32.12.3.rel1.win32_1.0.200.202406191623/tools/bin/../lib/gcc/arm-none-eabi/12.3.1/../../../../arm-none-eabi/lib/thumb/v7e-m+fp/hard\libm.a(libm_a-k_sin.o)
                0x080031a0                __kernel_sin
 *fill*         0x08003314        0x4 
 .text.__ieee754_rem_pio2
                0x08003318      0x3f8 C:/ST/STM32CubeIDE_1.16.0/STM32CubeIDE/plugins/com.st.stm32cube.ide.mcu.externaltools.gnu-tools-for-stm32.12.3.rel1.win32_1.0.200.202406191623/tools/bin/../lib/gcc/arm-none-eabi/12.3.1/../../../../arm-none-eabi/lib/thumb/v7e-m+fp/hard\libm.a(libm_a-e_rem_pio2.o)
                0x08003318                __ieee754_rem_pio2
 .text.fabs     0x08003710       0x10 C:/ST/STM32CubeIDE_1.16.0/STM32CubeIDE/plugins/com.st.stm32cube.ide.mcu.externaltools.gnu-tools-for-stm32.12.3.rel1.win32_1.0.200.202406191623/tools/bin/../lib/gcc/arm-none-eabi/12.3.1/../../../../arm-none-eabi/lib/thumb/v7e-m+fp/hard\libm.a(libm_a-s_fabs.o)
                0x08003710                fabs
 .text.__kernel_rem_pio2
                0x08003720      0x6b0 C:/ST/STM32CubeIDE_1.16.0/STM32CubeIDE/plugins/com.st.stm32cube.ide.mcu.externaltools.gnu-tools-for-stm32.12.3.rel1.win32_1.0.200.202406191623/tools/bin/../lib/gcc/arm-none-eabi/12.3.1/../../../../arm-none-eabi/lib/thumb/v7e-m+fp/hard\libm.a(libm_a-k_rem_pio2.o)
                0x08003720                __kernel_rem_pio2
 .text.scalbn   0x08003dd0       0xfc C:/ST/STM32CubeIDE_1.16.0/STM32CubeIDE/plugins/com.st.stm32cube.ide.mcu.externaltools.gnu-tools-for-stm32.12.3.rel1.win32_1.0.200.202406191623/tools/bin/../lib/gcc/arm-none-eabi/12.3.1/../../../../arm-none-eabi/lib/thumb/v7e-m+fp/hard\libm.a(libm_a-s_scalbn.o)
                0x08003dd0                scalbn
 *fill*         0x08003ecc        0x4 
 .text.floor    0x08003ed0       0xf8 C:/ST/STM32CubeIDE_1.16.0/STM32CubeIDE/plugins/com.st.stm32cube.ide.mcu.externaltools.gnu-tools-for-stm32.12.3.rel1.win32_1.0.200.202406191623/tools/bin/../lib/gcc/arm-none-eabi/12.3.1/../../../../arm-none-eabi/lib/thumb/v7e-m+fp/hard\libm.a(libm_a-s_floor.o)
                0x08003ed0                floor
 *(.glue_7)
 .glue_7        0x08003fc8        0x0 linker stubs
 *(.glue_7t)
 .glue_7t       0x08003fc8        0x0 linker stubs
 *(.eh_frame)
 .eh_frame      0x08003fc8        0x0 C:/ST/STM32CubeIDE_1.16.0/STM32CubeIDE/plugins/com.st.stm32cube.ide.mcu.externaltools.gnu-tools-for-stm32.12.3.rel1.win32_1.0.200.202406191623/tools/bin/../lib/gcc/arm-none-eabi/12.3.1/thumb/v7e-m+fp/hard/crtbegin.o
 *(.init)
 .init          0x08003fc8        0x4 C:/ST/STM32CubeIDE_1.16.0/STM32CubeIDE/plugins/com.st.stm32cube.ide.mcu.externaltools.gnu-tools-for-stm32.12.3.rel1.win32_1.0.200.202406191623/tools/bin/../lib/gcc/arm-none-eabi/12.3.1/thumb/v7e-m+fp/hard/crti.o
                0x08003fc8                _init
 .init          0x08003fcc        0x8 C:/ST/STM32CubeIDE_1.16.0/STM32CubeIDE/plugins/com.st.stm32cube.ide.mcu.externaltools.gnu-tools-for-stm32.12.3.rel1.win32_1.0.200.202406191623/tools/bin/../lib/gcc/arm-none-eabi/12.3.1/thumb/v7e-m+fp/hard/crtn.o
 *(.fini)
 .fini          0x08003fd4        0x4 C:/ST/STM32CubeIDE_1.16.0/STM32CubeIDE/plugins/com.st.stm32cube.ide.mcu.externaltools.gnu-tools-for-stm32.12.3.rel1.win32_1.0.200.202406191623/tools/bin/../lib/gcc/arm-none-eabi/12.3.1/thumb/v7e-m+fp/hard/crti.o
                0x08003fd4                _fini
 .fini          0x08003fd8        0x8 C:/ST/STM32CubeIDE_1.16.0/STM32CubeIDE/plugins/com.st.stm32cube.ide.mcu.externaltools.gnu-tools-for-stm32.12.3.rel1.win32_1.0.200.202406191623/tools/bin/../lib/gcc/arm-none-eabi/12.3.1/thumb/v7e-m+fp/hard/crtn.o
                0x08003fe0                        . = ALIGN (0x4)
                0x08003fe0                        _etext = .

.vfp11_veneer   0x08003fe0        0x0
 .vfp11_veneer  0x08003fe0        0x0 linker stubs

.v4_bx          0x08003fe0        0x0
 .v4_bx         0x08003fe0        0x0 linker stubs

.iplt           0x08003fe0        0x0
 .iplt          0x08003fe0        0x0 C:/ST/STM32CubeIDE_1.16.0/STM32CubeIDE/plugins/com.st.stm32cube.ide.mcu.externaltools.gnu-tools-for-stm32.12.3.rel1.win32_1.0.200.202406191623/tools/bin/../lib/gcc/arm-none-eabi/12.3.1/thumb/v7e-m+fp/hard/crtbegin.o

.rodata         0x08003fe0      0x328
                0x08003fe0                        . = ALIGN (0x4)
 *(.rodata)
 *(.rodata*)
 .rodata.AHBPrescTable
                0x08003fe0       0x10 ./Core/Src/system_stm32f4xx.o
                0x08003fe0                AHBPrescTable
 .rodata.arm_cfft_sR_q15_len64
                0x08003ff0       0x10 D:\ECG_Heartbeat_Classification\hardware\prjHeartEcg\Drivers\CMSIS\Lib\GCC\libarm_cortexM4lf_math.a(arm_const_structs.o)
                0x08003ff0                arm_cfft_sR_q15_len64
 .rodata.twiddleCoef_64_q15
                0x08004000       0xc0 D:\ECG_Heartbeat_Classification\hardware\prjHeartEcg\Drivers\CMSIS\Lib\GCC\libarm_cortexM4lf_math.a(arm_common_tables.o)
                0x08004000                twiddleCoef_64_q15
 .rodata.armBitRevIndexTable_fixed_64
                0x080040c0       0x70 D:\ECG_Heartbeat_Classification\hardware\prjHeartEcg\Drivers\CMSIS\Lib\GCC\libarm_cortexM4lf_math.a(arm_common_tables.o)
                0x080040c0                armBitRevIndexTable_fixed_64
 .rodata.npio2_hw
                0x08004130       0x80 C:/ST/STM32CubeIDE_1.16.0/STM32CubeIDE/plugins/com.st.stm32cube.ide.mcu.externaltools.gnu-tools-for-stm32.12.3.rel1.win32_1.0.200.202406191623/tools/bin/../lib/gcc/arm-none-eabi/12.3.1/../../../../arm-none-eabi/lib/thumb/v7e-m+fp/hard\libm.a(libm_a-e_rem_pio2.o)
 .rodata.two_over_pi
                0x080041b0      0x108 C:/ST/STM32CubeIDE_1.16.0/STM32CubeIDE/plugins/com.st.stm32cube.ide.mcu.externaltools.gnu-tools-for-stm32.12.3.rel1.win32_1.0.200.202406191623/tools/bin/../lib/gcc/arm-none-eabi/12.3.1/../../../../arm-none-eabi/lib/thumb/v7e-m+fp/hard\libm.a(libm_a-e_rem_pio2.o)
 .rodata.PIo2   0x080042b8       0x40 C:/ST/STM32CubeIDE_1.16.0/STM32CubeIDE/plugins/com.st.stm32cube.ide.mcu.externaltools.gnu-tools-for-stm32.12.3.rel1.win32_1.0.200.202406191623/tools/bin/../lib/gcc/arm-none-eabi/12.3.1/../../../../arm-none-eabi/lib/thumb/v7e-m+fp/hard\libm.a(libm_a-k_rem_pio2.o)
 .rodata.init_jk
                0x080042f8       0x10 C:/ST/STM32CubeIDE_1.16.0/STM32CubeIDE/plugins/com.st.stm32cube.ide.mcu.externaltools.gnu-tools-for-stm32.12.3.rel1.win32_1.0.200.202406191623/tools/bin/../lib/gcc/arm-none-eabi/12.3.1/../../../../arm-none-eabi/lib/thumb/v7e-m+fp/hard\libm.a(libm_a-k_rem_pio2.o)
                0x08004308                        . = ALIGN (0x4)

.ARM.extab      0x08004308        0x0
                0x08004308                        . = ALIGN (0x4)
 *(.ARM.extab* .gnu.linkonce.armextab.*)
                0x08004308                        . = ALIGN (0x4)

.ARM            0x08004308        0x8
                0x08004308                        . = ALIGN (0x4)
                0x08004308                        __exidx_start = .
 *(.ARM.exidx*)
 .ARM.exidx     0x08004308        0x8 C:/ST/STM32CubeIDE_1.16.0/STM32CubeIDE/plugins/com.st.stm32cube.ide.mcu.externaltools.gnu-tools-for-stm32.12.3.rel1.win32_1.0.200.202406191623/tools/bin/../lib/gcc/arm-none-eabi/12.3.1/thumb/v7e-m+fp/hard\libgcc.a(_udivmoddi4.o)
                0x08004310                        __exidx_end = .
                0x08004310                        . = ALIGN (0x4)

.preinit_array  0x08004310        0x0
                0x08004310                        . = ALIGN (0x4)
                0x08004310                        PROVIDE (__preinit_array_start = .)
 *(.preinit_array*)
                0x08004310                        PROVIDE (__preinit_array_end = .)
                0x08004310                        . = ALIGN (0x4)

.init_array     0x08004310        0x4
                0x08004310                        . = ALIGN (0x4)
                0x08004310                        PROVIDE (__init_array_start = .)
 *(SORT_BY_NAME(.init_array.*))
 *(.init_array*)
 .init_array    0x08004310        0x4 C:/ST/STM32CubeIDE_1.16.0/STM32CubeIDE/plugins/com.st.stm32cube.ide.mcu.externaltools.gnu-tools-for-stm32.12.3.rel1.win32_1.0.200.202406191623/tools/bin/../lib/gcc/arm-none-eabi/12.3.1/thumb/v7e-m+fp/hard/crtbegin.o
                0x08004314                        PROVIDE (__init_array_end = .)
                0x08004314                        . = ALIGN (0x4)

.fini_array     0x08004314        0x4
                0x08004314                        . = ALIGN (0x4)
                [!provide]                        PROVIDE (__fini_array_start = .)
 *(SORT_BY_NAME(.fini_array.*))
 *(.fini_array*)
 .fini_array    0x08004314        0x4 C:/ST/STM32CubeIDE_1.16.0/STM32CubeIDE/plugins/com.st.stm32cube.ide.mcu.externaltools.gnu-tools-for-stm32.12.3.rel1.win32_1.0.200.202406191623/tools/bin/../lib/gcc/arm-none-eabi/12.3.1/thumb/v7e-m+fp/hard/crtbegin.o
                [!provide]                        PROVIDE (__fini_array_end = .)
                0x08004318                        . = ALIGN (0x4)
                0x08004318                        _sidata = LOADADDR (.data)

.rel.dyn        0x08004318        0x0
 .rel.iplt      0x08004318        0x0 C:/ST/STM32CubeIDE_1.16.0/STM32CubeIDE/plugins/com.st.stm32cube.ide.mcu.externaltools.gnu-tools-for-stm32.12.3.rel1.win32_1.0.200.202406191623/tools/bin/../lib/gcc/arm-none-eabi/12.3.1/thumb/v7e-m+fp/hard/crtbegin.o

.data           0x20000000        0xc load address 0x08004318
                0x20000000                        . = ALIGN (0x4)
                0x20000000                        _sdata = .
 *(.data)
 *(.data*)
 .data.SystemCoreClock
                0x20000000        0x4 ./Core/Src/system_stm32f4xx.o
                0x20000000                SystemCoreClock
 .data.uwTickPrio
                0x20000004        0x4 ./Drivers/STM32F4xx_HAL_Driver/Src/stm32f4xx_hal.o
                0x20000004                uwTickPrio
 .data.uwTickFreq
                0x20000008        0x1 ./Drivers/STM32F4xx_HAL_Driver/Src/stm32f4xx_hal.o
                0x20000008                uwTickFreq
 *(.RamFunc)
 *(.RamFunc*)
                0x2000000c                        . = ALIGN (0x4)
 *fill*         0x20000009        0x3 
                0x2000000c                        _edata = .
                0x08004324                        _siccmram = LOADADDR (.ccmram)

.igot.plt       0x2000000c        0x0 load address 0x08004324
 .igot.plt      0x2000000c        0x0 C:/ST/STM32CubeIDE_1.16.0/STM32CubeIDE/plugins/com.st.stm32cube.ide.mcu.externaltools.gnu-tools-for-stm32.12.3.rel1.win32_1.0.200.202406191623/tools/bin/../lib/gcc/arm-none-eabi/12.3.1/thumb/v7e-m+fp/hard/crtbegin.o

.ccmram         0x10000000        0x0 load address 0x08004324
                0x10000000                        . = ALIGN (0x4)
                0x10000000                        _sccmram = .
 *(.ccmram)
 *(.ccmram*)
                0x10000000                        . = ALIGN (0x4)
                0x10000000                        _eccmram = .
                0x10000000                        . = ALIGN (0x4)

.bss            0x2000000c      0x268
                0x2000000c                        _sbss = .
                0x2000000c                        __bss_start__ = _sbss
 *(.bss)
 .bss           0x2000000c       0x1c C:/ST/STM32CubeIDE_1.16.0/STM32CubeIDE/plugins/com.st.stm32cube.ide.mcu.externaltools.gnu-tools-for-stm32.12.3.rel1.win32_1.0.200.202406191623/tools/bin/../lib/gcc/arm-none-eabi/12.3.1/thumb/v7e-m+fp/hard/crtbegin.o
 *(.bss*)
 .bss.inputSignal
                0x20000028       0x80 ./Core/Src/main.o
                0x20000028                inputSignal
 .bss.complexSpectrum
                0x200000a8      0x100 ./Core/Src/main.o
                0x200000a8                complexSpectrum
 .bss.realSpectrum
                0x200001a8       0x80 ./Core/Src/main.o
                0x200001a8                realSpectrum
 .bss.hadc1     0x20000228       0x48 ./Core/Src/main.o
                0x20000228                hadc1
 .bss.uwTick    0x20000270        0x4 ./Drivers/STM32F4xx_HAL_Driver/Src/stm32f4xx_hal.o
                0x20000270                uwTick
 *(COMMON)
                0x20000274                        . = ALIGN (0x4)
                0x20000274                        _ebss = .
                0x20000274                        __bss_end__ = _ebss

._user_heap_stack
                0x20000274     0x1004
                0x20000278                        . = ALIGN (0x8)
 *fill*         0x20000274        0x4 
                [!provide]                        PROVIDE (end = .)
                0x20000278                        PROVIDE (_end = .)
                0x20000a78                        . = (. + _Min_Heap_Size)
 *fill*         0x20000278      0x800 
                0x20001278                        . = (. + _Min_Stack_Size)
 *fill*         0x20000a78      0x800 
                0x20001278                        . = ALIGN (0x8)

/DISCARD/
 libc.a(*)
 libm.a(*)
 libgcc.a(*)

.ARM.attributes
                0x00000000       0x30
 *(.ARM.attributes)
 .ARM.attributes
                0x00000000       0x22 C:/ST/STM32CubeIDE_1.16.0/STM32CubeIDE/plugins/com.st.stm32cube.ide.mcu.externaltools.gnu-tools-for-stm32.12.3.rel1.win32_1.0.200.202406191623/tools/bin/../lib/gcc/arm-none-eabi/12.3.1/thumb/v7e-m+fp/hard/crti.o
 .ARM.attributes
                0x00000022       0x34 C:/ST/STM32CubeIDE_1.16.0/STM32CubeIDE/plugins/com.st.stm32cube.ide.mcu.externaltools.gnu-tools-for-stm32.12.3.rel1.win32_1.0.200.202406191623/tools/bin/../lib/gcc/arm-none-eabi/12.3.1/thumb/v7e-m+fp/hard/crtbegin.o
 .ARM.attributes
                0x00000056       0x34 ./Core/Src/main.o
 .ARM.attributes
                0x0000008a       0x34 ./Core/Src/stm32f4xx_hal_msp.o
 .ARM.attributes
                0x000000be       0x34 ./Core/Src/stm32f4xx_it.o
 .ARM.attributes
                0x000000f2       0x34 ./Core/Src/system_stm32f4xx.o
 .ARM.attributes
                0x00000126       0x21 ./Core/Startup/startup_stm32f407vgtx.o
 .ARM.attributes
                0x00000147       0x34 ./Drivers/STM32F4xx_HAL_Driver/Src/stm32f4xx_hal.o
 .ARM.attributes
                0x0000017b       0x34 ./Drivers/STM32F4xx_HAL_Driver/Src/stm32f4xx_hal_adc.o
 .ARM.attributes
                0x000001af       0x34 ./Drivers/STM32F4xx_HAL_Driver/Src/stm32f4xx_hal_cortex.o
 .ARM.attributes
                0x000001e3       0x34 ./Drivers/STM32F4xx_HAL_Driver/Src/stm32f4xx_hal_gpio.o
 .ARM.attributes
                0x00000217       0x34 ./Drivers/STM32F4xx_HAL_Driver/Src/stm32f4xx_hal_rcc.o
 .ARM.attributes
                0x0000024b       0x39 D:\ECG_Heartbeat_Classification\hardware\prjHeartEcg\Drivers\CMSIS\Lib\GCC\libarm_cortexM4lf_math.a(arm_const_structs.o)
 .ARM.attributes
                0x00000284       0x39 D:\ECG_Heartbeat_Classification\hardware\prjHeartEcg\Drivers\CMSIS\Lib\GCC\libarm_cortexM4lf_math.a(arm_common_tables.o)
 .ARM.attributes
                0x000002bd       0x39 D:\ECG_Heartbeat_Classification\hardware\prjHeartEcg\Drivers\CMSIS\Lib\GCC\libarm_cortexM4lf_math.a(arm_cfft_q15.o)
 .ARM.attributes
                0x000002f6       0x25 D:\ECG_Heartbeat_Classification\hardware\prjHeartEcg\Drivers\CMSIS\Lib\GCC\libarm_cortexM4lf_math.a(arm_bitreversal2.o)
 .ARM.attributes
                0x0000031b       0x39 D:\ECG_Heartbeat_Classification\hardware\prjHeartEcg\Drivers\CMSIS\Lib\GCC\libarm_cortexM4lf_math.a(arm_cfft_radix4_q15.o)
 .ARM.attributes
                0x00000354       0x39 D:\ECG_Heartbeat_Classification\hardware\prjHeartEcg\Drivers\CMSIS\Lib\GCC\libarm_cortexM4lf_math.a(arm_cmplx_mag_q15.o)
 .ARM.attributes
                0x0000038d       0x39 D:\ECG_Heartbeat_Classification\hardware\prjHeartEcg\Drivers\CMSIS\Lib\GCC\libarm_cortexM4lf_math.a(arm_sqrt_q15.o)
 .ARM.attributes
                0x000003c6       0x34 C:/ST/STM32CubeIDE_1.16.0/STM32CubeIDE/plugins/com.st.stm32cube.ide.mcu.externaltools.gnu-tools-for-stm32.12.3.rel1.win32_1.0.200.202406191623/tools/bin/../lib/gcc/arm-none-eabi/12.3.1/../../../../arm-none-eabi/lib/thumb/v7e-m+fp/hard\libc_nano.a(libc_a-memset.o)
 .ARM.attributes
                0x000003fa       0x34 C:/ST/STM32CubeIDE_1.16.0/STM32CubeIDE/plugins/com.st.stm32cube.ide.mcu.externaltools.gnu-tools-for-stm32.12.3.rel1.win32_1.0.200.202406191623/tools/bin/../lib/gcc/arm-none-eabi/12.3.1/../../../../arm-none-eabi/lib/thumb/v7e-m+fp/hard\libc_nano.a(libc_a-init.o)
 .ARM.attributes
                0x0000042e       0x34 C:/ST/STM32CubeIDE_1.16.0/STM32CubeIDE/plugins/com.st.stm32cube.ide.mcu.externaltools.gnu-tools-for-stm32.12.3.rel1.win32_1.0.200.202406191623/tools/bin/../lib/gcc/arm-none-eabi/12.3.1/../../../../arm-none-eabi/lib/thumb/v7e-m+fp/hard\libm.a(libm_a-s_sin.o)
 .ARM.attributes
                0x00000462       0x34 C:/ST/STM32CubeIDE_1.16.0/STM32CubeIDE/plugins/com.st.stm32cube.ide.mcu.externaltools.gnu-tools-for-stm32.12.3.rel1.win32_1.0.200.202406191623/tools/bin/../lib/gcc/arm-none-eabi/12.3.1/../../../../arm-none-eabi/lib/thumb/v7e-m+fp/hard\libm.a(libm_a-s_round.o)
 .ARM.attributes
                0x00000496       0x34 C:/ST/STM32CubeIDE_1.16.0/STM32CubeIDE/plugins/com.st.stm32cube.ide.mcu.externaltools.gnu-tools-for-stm32.12.3.rel1.win32_1.0.200.202406191623/tools/bin/../lib/gcc/arm-none-eabi/12.3.1/../../../../arm-none-eabi/lib/thumb/v7e-m+fp/hard\libm.a(libm_a-k_cos.o)
 .ARM.attributes
                0x000004ca       0x34 C:/ST/STM32CubeIDE_1.16.0/STM32CubeIDE/plugins/com.st.stm32cube.ide.mcu.externaltools.gnu-tools-for-stm32.12.3.rel1.win32_1.0.200.202406191623/tools/bin/../lib/gcc/arm-none-eabi/12.3.1/../../../../arm-none-eabi/lib/thumb/v7e-m+fp/hard\libm.a(libm_a-k_sin.o)
 .ARM.attributes
                0x000004fe       0x34 C:/ST/STM32CubeIDE_1.16.0/STM32CubeIDE/plugins/com.st.stm32cube.ide.mcu.externaltools.gnu-tools-for-stm32.12.3.rel1.win32_1.0.200.202406191623/tools/bin/../lib/gcc/arm-none-eabi/12.3.1/../../../../arm-none-eabi/lib/thumb/v7e-m+fp/hard\libm.a(libm_a-e_rem_pio2.o)
 .ARM.attributes
                0x00000532       0x34 C:/ST/STM32CubeIDE_1.16.0/STM32CubeIDE/plugins/com.st.stm32cube.ide.mcu.externaltools.gnu-tools-for-stm32.12.3.rel1.win32_1.0.200.202406191623/tools/bin/../lib/gcc/arm-none-eabi/12.3.1/../../../../arm-none-eabi/lib/thumb/v7e-m+fp/hard\libm.a(libm_a-s_fabs.o)
 .ARM.attributes
                0x00000566       0x34 C:/ST/STM32CubeIDE_1.16.0/STM32CubeIDE/plugins/com.st.stm32cube.ide.mcu.externaltools.gnu-tools-for-stm32.12.3.rel1.win32_1.0.200.202406191623/tools/bin/../lib/gcc/arm-none-eabi/12.3.1/../../../../arm-none-eabi/lib/thumb/v7e-m+fp/hard\libm.a(libm_a-k_rem_pio2.o)
 .ARM.attributes
                0x0000059a       0x34 C:/ST/STM32CubeIDE_1.16.0/STM32CubeIDE/plugins/com.st.stm32cube.ide.mcu.externaltools.gnu-tools-for-stm32.12.3.rel1.win32_1.0.200.202406191623/tools/bin/../lib/gcc/arm-none-eabi/12.3.1/../../../../arm-none-eabi/lib/thumb/v7e-m+fp/hard\libm.a(libm_a-s_scalbn.o)
 .ARM.attributes
                0x000005ce       0x34 C:/ST/STM32CubeIDE_1.16.0/STM32CubeIDE/plugins/com.st.stm32cube.ide.mcu.externaltools.gnu-tools-for-stm32.12.3.rel1.win32_1.0.200.202406191623/tools/bin/../lib/gcc/arm-none-eabi/12.3.1/../../../../arm-none-eabi/lib/thumb/v7e-m+fp/hard\libm.a(libm_a-s_floor.o)
 .ARM.attributes
                0x00000602       0x22 C:/ST/STM32CubeIDE_1.16.0/STM32CubeIDE/plugins/com.st.stm32cube.ide.mcu.externaltools.gnu-tools-for-stm32.12.3.rel1.win32_1.0.200.202406191623/tools/bin/../lib/gcc/arm-none-eabi/12.3.1/thumb/v7e-m+fp/hard\libgcc.a(_arm_addsubdf3.o)
 .ARM.attributes
                0x00000624       0x22 C:/ST/STM32CubeIDE_1.16.0/STM32CubeIDE/plugins/com.st.stm32cube.ide.mcu.externaltools.gnu-tools-for-stm32.12.3.rel1.win32_1.0.200.202406191623/tools/bin/../lib/gcc/arm-none-eabi/12.3.1/thumb/v7e-m+fp/hard\libgcc.a(_arm_muldivdf3.o)
 .ARM.attributes
                0x00000646       0x22 C:/ST/STM32CubeIDE_1.16.0/STM32CubeIDE/plugins/com.st.stm32cube.ide.mcu.externaltools.gnu-tools-for-stm32.12.3.rel1.win32_1.0.200.202406191623/tools/bin/../lib/gcc/arm-none-eabi/12.3.1/thumb/v7e-m+fp/hard\libgcc.a(_arm_cmpdf2.o)
 .ARM.attributes
                0x00000668       0x22 C:/ST/STM32CubeIDE_1.16.0/STM32CubeIDE/plugins/com.st.stm32cube.ide.mcu.externaltools.gnu-tools-for-stm32.12.3.rel1.win32_1.0.200.202406191623/tools/bin/../lib/gcc/arm-none-eabi/12.3.1/thumb/v7e-m+fp/hard\libgcc.a(_arm_fixdfsi.o)
 .ARM.attributes
                0x0000068a       0x22 C:/ST/STM32CubeIDE_1.16.0/STM32CubeIDE/plugins/com.st.stm32cube.ide.mcu.externaltools.gnu-tools-for-stm32.12.3.rel1.win32_1.0.200.202406191623/tools/bin/../lib/gcc/arm-none-eabi/12.3.1/thumb/v7e-m+fp/hard\libgcc.a(_aeabi_uldivmod.o)
 .ARM.attributes
                0x000006ac       0x34 C:/ST/STM32CubeIDE_1.16.0/STM32CubeIDE/plugins/com.st.stm32cube.ide.mcu.externaltools.gnu-tools-for-stm32.12.3.rel1.win32_1.0.200.202406191623/tools/bin/../lib/gcc/arm-none-eabi/12.3.1/thumb/v7e-m+fp/hard\libgcc.a(_udivmoddi4.o)
 .ARM.attributes
                0x000006e0       0x22 C:/ST/STM32CubeIDE_1.16.0/STM32CubeIDE/plugins/com.st.stm32cube.ide.mcu.externaltools.gnu-tools-for-stm32.12.3.rel1.win32_1.0.200.202406191623/tools/bin/../lib/gcc/arm-none-eabi/12.3.1/thumb/v7e-m+fp/hard\libgcc.a(_dvmd_tls.o)
 .ARM.attributes
                0x00000702       0x22 C:/ST/STM32CubeIDE_1.16.0/STM32CubeIDE/plugins/com.st.stm32cube.ide.mcu.externaltools.gnu-tools-for-stm32.12.3.rel1.win32_1.0.200.202406191623/tools/bin/../lib/gcc/arm-none-eabi/12.3.1/thumb/v7e-m+fp/hard/crtn.o
OUTPUT(prjHeartEcg.elf elf32-littlearm)
LOAD linker stubs
LOAD C:/ST/STM32CubeIDE_1.16.0/STM32CubeIDE/plugins/com.st.stm32cube.ide.mcu.externaltools.gnu-tools-for-stm32.12.3.rel1.win32_1.0.200.202406191623/tools/bin/../lib/gcc/arm-none-eabi/12.3.1/../../../../arm-none-eabi/lib/thumb/v7e-m+fp/hard\libc.a
LOAD C:/ST/STM32CubeIDE_1.16.0/STM32CubeIDE/plugins/com.st.stm32cube.ide.mcu.externaltools.gnu-tools-for-stm32.12.3.rel1.win32_1.0.200.202406191623/tools/bin/../lib/gcc/arm-none-eabi/12.3.1/../../../../arm-none-eabi/lib/thumb/v7e-m+fp/hard\libm.a
LOAD C:/ST/STM32CubeIDE_1.16.0/STM32CubeIDE/plugins/com.st.stm32cube.ide.mcu.externaltools.gnu-tools-for-stm32.12.3.rel1.win32_1.0.200.202406191623/tools/bin/../lib/gcc/arm-none-eabi/12.3.1/thumb/v7e-m+fp/hard\libgcc.a

.debug_info     0x00000000     0x9a1b
 .debug_info    0x00000000     0x130f ./Core/Src/main.o
 .debug_info    0x0000130f      0x8ec ./Core/Src/stm32f4xx_hal_msp.o
 .debug_info    0x00001bfb      0x112 ./Core/Src/stm32f4xx_it.o
 .debug_info    0x00001d0d      0x512 ./Core/Src/system_stm32f4xx.o
 .debug_info    0x0000221f       0x30 ./Core/Startup/startup_stm32f407vgtx.o
 .debug_info    0x0000224f      0x944 ./Drivers/STM32F4xx_HAL_Driver/Src/stm32f4xx_hal.o
 .debug_info    0x00002b93      0xcd4 ./Drivers/STM32F4xx_HAL_Driver/Src/stm32f4xx_hal_adc.o
 .debug_info    0x00003867      0xd8c ./Drivers/STM32F4xx_HAL_Driver/Src/stm32f4xx_hal_cortex.o
 .debug_info    0x000045f3      0x6c3 ./Drivers/STM32F4xx_HAL_Driver/Src/stm32f4xx_hal_gpio.o
 .debug_info    0x00004cb6      0x8af ./Drivers/STM32F4xx_HAL_Driver/Src/stm32f4xx_hal_rcc.o
 .debug_info    0x00005565      0xe6b D:\ECG_Heartbeat_Classification\hardware\prjHeartEcg\Drivers\CMSIS\Lib\GCC\libarm_cortexM4lf_math.a(arm_const_structs.o)
 .debug_info    0x000063d0      0x9b1 D:\ECG_Heartbeat_Classification\hardware\prjHeartEcg\Drivers\CMSIS\Lib\GCC\libarm_cortexM4lf_math.a(arm_common_tables.o)
 .debug_info    0x00006d81      0x9a0 D:\ECG_Heartbeat_Classification\hardware\prjHeartEcg\Drivers\CMSIS\Lib\GCC\libarm_cortexM4lf_math.a(arm_cfft_q15.o)
 .debug_info    0x00007721       0x98 D:\ECG_Heartbeat_Classification\hardware\prjHeartEcg\Drivers\CMSIS\Lib\GCC\libarm_cortexM4lf_math.a(arm_bitreversal2.o)
 .debug_info    0x000077b9     0x1cec D:\ECG_Heartbeat_Classification\hardware\prjHeartEcg\Drivers\CMSIS\Lib\GCC\libarm_cortexM4lf_math.a(arm_cfft_radix4_q15.o)
 .debug_info    0x000094a5      0x388 D:\ECG_Heartbeat_Classification\hardware\prjHeartEcg\Drivers\CMSIS\Lib\GCC\libarm_cortexM4lf_math.a(arm_cmplx_mag_q15.o)
 .debug_info    0x0000982d      0x1ee D:\ECG_Heartbeat_Classification\hardware\prjHeartEcg\Drivers\CMSIS\Lib\GCC\libarm_cortexM4lf_math.a(arm_sqrt_q15.o)

.debug_abbrev   0x00000000     0x1a14
 .debug_abbrev  0x00000000      0x3b6 ./Core/Src/main.o
 .debug_abbrev  0x000003b6      0x1a5 ./Core/Src/stm32f4xx_hal_msp.o
 .debug_abbrev  0x0000055b       0x73 ./Core/Src/stm32f4xx_it.o
 .debug_abbrev  0x000005ce      0x11a ./Core/Src/system_stm32f4xx.o
 .debug_abbrev  0x000006e8       0x24 ./Core/Startup/startup_stm32f407vgtx.o
 .debug_abbrev  0x0000070c      0x214 ./Drivers/STM32F4xx_HAL_Driver/Src/stm32f4xx_hal.o
 .debug_abbrev  0x00000920      0x252 ./Drivers/STM32F4xx_HAL_Driver/Src/stm32f4xx_hal_adc.o
 .debug_abbrev  0x00000b72      0x31d ./Drivers/STM32F4xx_HAL_Driver/Src/stm32f4xx_hal_cortex.o
 .debug_abbrev  0x00000e8f      0x1d4 ./Drivers/STM32F4xx_HAL_Driver/Src/stm32f4xx_hal_gpio.o
 .debug_abbrev  0x00001063      0x2b7 ./Drivers/STM32F4xx_HAL_Driver/Src/stm32f4xx_hal_rcc.o
 .debug_abbrev  0x0000131a       0xcb D:\ECG_Heartbeat_Classification\hardware\prjHeartEcg\Drivers\CMSIS\Lib\GCC\libarm_cortexM4lf_math.a(arm_const_structs.o)
 .debug_abbrev  0x000013e5       0x84 D:\ECG_Heartbeat_Classification\hardware\prjHeartEcg\Drivers\CMSIS\Lib\GCC\libarm_cortexM4lf_math.a(arm_common_tables.o)
 .debug_abbrev  0x00001469      0x1ad D:\ECG_Heartbeat_Classification\hardware\prjHeartEcg\Drivers\CMSIS\Lib\GCC\libarm_cortexM4lf_math.a(arm_cfft_q15.o)
 .debug_abbrev  0x00001616       0x14 D:\ECG_Heartbeat_Classification\hardware\prjHeartEcg\Drivers\CMSIS\Lib\GCC\libarm_cortexM4lf_math.a(arm_bitreversal2.o)
 .debug_abbrev  0x0000162a      0x1e9 D:\ECG_Heartbeat_Classification\hardware\prjHeartEcg\Drivers\CMSIS\Lib\GCC\libarm_cortexM4lf_math.a(arm_cfft_radix4_q15.o)
 .debug_abbrev  0x00001813      0x123 D:\ECG_Heartbeat_Classification\hardware\prjHeartEcg\Drivers\CMSIS\Lib\GCC\libarm_cortexM4lf_math.a(arm_cmplx_mag_q15.o)
 .debug_abbrev  0x00001936       0xde D:\ECG_Heartbeat_Classification\hardware\prjHeartEcg\Drivers\CMSIS\Lib\GCC\libarm_cortexM4lf_math.a(arm_sqrt_q15.o)

.debug_aranges  0x00000000      0x618
 .debug_aranges
                0x00000000       0x60 ./Core/Src/main.o
 .debug_aranges
                0x00000060       0x30 ./Core/Src/stm32f4xx_hal_msp.o
 .debug_aranges
                0x00000090       0x60 ./Core/Src/stm32f4xx_it.o
 .debug_aranges
                0x000000f0       0x28 ./Core/Src/system_stm32f4xx.o
 .debug_aranges
                0x00000118       0x28 ./Core/Startup/startup_stm32f407vgtx.o
 .debug_aranges
                0x00000140       0xf0 ./Drivers/STM32F4xx_HAL_Driver/Src/stm32f4xx_hal.o
 .debug_aranges
                0x00000230       0xe8 ./Drivers/STM32F4xx_HAL_Driver/Src/stm32f4xx_hal_adc.o
 .debug_aranges
                0x00000318      0x130 ./Drivers/STM32F4xx_HAL_Driver/Src/stm32f4xx_hal_cortex.o
 .debug_aranges
                0x00000448       0x58 ./Drivers/STM32F4xx_HAL_Driver/Src/stm32f4xx_hal_gpio.o
 .debug_aranges
                0x000004a0       0x88 ./Drivers/STM32F4xx_HAL_Driver/Src/stm32f4xx_hal_rcc.o
 .debug_aranges
                0x00000528       0x18 D:\ECG_Heartbeat_Classification\hardware\prjHeartEcg\Drivers\CMSIS\Lib\GCC\libarm_cortexM4lf_math.a(arm_const_structs.o)
 .debug_aranges
                0x00000540       0x18 D:\ECG_Heartbeat_Classification\hardware\prjHeartEcg\Drivers\CMSIS\Lib\GCC\libarm_cortexM4lf_math.a(arm_common_tables.o)
 .debug_aranges
                0x00000558       0x30 D:\ECG_Heartbeat_Classification\hardware\prjHeartEcg\Drivers\CMSIS\Lib\GCC\libarm_cortexM4lf_math.a(arm_cfft_q15.o)
 .debug_aranges
                0x00000588       0x20 D:\ECG_Heartbeat_Classification\hardware\prjHeartEcg\Drivers\CMSIS\Lib\GCC\libarm_cortexM4lf_math.a(arm_bitreversal2.o)
 .debug_aranges
                0x000005a8       0x30 D:\ECG_Heartbeat_Classification\hardware\prjHeartEcg\Drivers\CMSIS\Lib\GCC\libarm_cortexM4lf_math.a(arm_cfft_radix4_q15.o)
 .debug_aranges
                0x000005d8       0x20 D:\ECG_Heartbeat_Classification\hardware\prjHeartEcg\Drivers\CMSIS\Lib\GCC\libarm_cortexM4lf_math.a(arm_cmplx_mag_q15.o)
 .debug_aranges
                0x000005f8       0x20 D:\ECG_Heartbeat_Classification\hardware\prjHeartEcg\Drivers\CMSIS\Lib\GCC\libarm_cortexM4lf_math.a(arm_sqrt_q15.o)

.debug_rnglists
                0x00000000      0x3c5
 .debug_rnglists
                0x00000000       0x46 ./Core/Src/main.o
 .debug_rnglists
                0x00000046       0x20 ./Core/Src/stm32f4xx_hal_msp.o
 .debug_rnglists
                0x00000066       0x43 ./Core/Src/stm32f4xx_it.o
 .debug_rnglists
                0x000000a9       0x1a ./Core/Src/system_stm32f4xx.o
 .debug_rnglists
                0x000000c3       0x19 ./Core/Startup/startup_stm32f407vgtx.o
 .debug_rnglists
                0x000000dc       0xaf ./Drivers/STM32F4xx_HAL_Driver/Src/stm32f4xx_hal.o
 .debug_rnglists
                0x0000018b       0xb5 ./Drivers/STM32F4xx_HAL_Driver/Src/stm32f4xx_hal_adc.o
 .debug_rnglists
                0x00000240       0xe0 ./Drivers/STM32F4xx_HAL_Driver/Src/stm32f4xx_hal_cortex.o
 .debug_rnglists
                0x00000320       0x3f ./Drivers/STM32F4xx_HAL_Driver/Src/stm32f4xx_hal_gpio.o
 .debug_rnglists
                0x0000035f       0x66 ./Drivers/STM32F4xx_HAL_Driver/Src/stm32f4xx_hal_rcc.o

.debug_macro    0x00000000    0x2181f
 .debug_macro   0x00000000      0x369 ./Core/Src/main.o
 .debug_macro   0x00000369      0xac0 ./Core/Src/main.o
 .debug_macro   0x00000e29      0x295 ./Core/Src/main.o
 .debug_macro   0x000010be       0x2e ./Core/Src/main.o
 .debug_macro   0x000010ec       0x2f ./Core/Src/main.o
 .debug_macro   0x0000111b       0x22 ./Core/Src/main.o
 .debug_macro   0x0000113d       0x8e ./Core/Src/main.o
 .debug_macro   0x000011cb       0x51 ./Core/Src/main.o
 .debug_macro   0x0000121c      0x103 ./Core/Src/main.o
 .debug_macro   0x0000131f       0x6a ./Core/Src/main.o
 .debug_macro   0x00001389      0x1df ./Core/Src/main.o
 .debug_macro   0x00001568       0x1c ./Core/Src/main.o
 .debug_macro   0x00001584       0x22 ./Core/Src/main.o
 .debug_macro   0x000015a6       0xfb ./Core/Src/main.o
 .debug_macro   0x000016a1     0x1011 ./Core/Src/main.o
 .debug_macro   0x000026b2      0x11f ./Core/Src/main.o
 .debug_macro   0x000027d1    0x15e97 ./Core/Src/main.o
 .debug_macro   0x00018668       0x6d ./Core/Src/main.o
 .debug_macro   0x000186d5     0x369a ./Core/Src/main.o
 .debug_macro   0x0001bd6f      0x189 ./Core/Src/main.o
 .debug_macro   0x0001bef8       0x5c ./Core/Src/main.o
 .debug_macro   0x0001bf54      0x980 ./Core/Src/main.o
 .debug_macro   0x0001c8d4      0x9e9 ./Core/Src/main.o
 .debug_macro   0x0001d2bd      0x115 ./Core/Src/main.o
 .debug_macro   0x0001d3d2      0x13e ./Core/Src/main.o
 .debug_macro   0x0001d510       0xa5 ./Core/Src/main.o
 .debug_macro   0x0001d5b5      0x174 ./Core/Src/main.o
 .debug_macro   0x0001d729      0x287 ./Core/Src/main.o
 .debug_macro   0x0001d9b0       0x5f ./Core/Src/main.o
 .debug_macro   0x0001da0f      0x236 ./Core/Src/main.o
 .debug_macro   0x0001dc45      0xb5b ./Core/Src/main.o
 .debug_macro   0x0001e7a0      0x38b ./Core/Src/main.o
 .debug_macro   0x0001eb2b      0x176 ./Core/Src/main.o
 .debug_macro   0x0001eca1       0xf9 ./Core/Src/main.o
 .debug_macro   0x0001ed9a      0x12c ./Core/Src/main.o
 .debug_macro   0x0001eec6      0x21e ./Core/Src/main.o
 .debug_macro   0x0001f0e4       0x2e ./Core/Src/main.o
 .debug_macro   0x0001f112      0x127 ./Core/Src/main.o
 .debug_macro   0x0001f239       0x7e ./Core/Src/main.o
 .debug_macro   0x0001f2b7       0x89 ./Core/Src/main.o
 .debug_macro   0x0001f340      0x12d ./Core/Src/main.o
 .debug_macro   0x0001f46d       0x7c ./Core/Src/main.o
 .debug_macro   0x0001f4e9       0x61 ./Core/Src/main.o
 .debug_macro   0x0001f54a       0x2a ./Core/Src/main.o
 .debug_macro   0x0001f574       0x43 ./Core/Src/main.o
 .debug_macro   0x0001f5b7       0x3a ./Core/Src/main.o
 .debug_macro   0x0001f5f1       0x35 ./Core/Src/main.o
 .debug_macro   0x0001f626      0x460 ./Core/Src/main.o
 .debug_macro   0x0001fa86       0x22 ./Core/Src/main.o
 .debug_macro   0x0001faa8       0x22 ./Core/Src/main.o
 .debug_macro   0x0001faca      0x342 ./Core/Src/main.o
 .debug_macro   0x0001fe0c       0x8e ./Core/Src/main.o
 .debug_macro   0x0001fe9a       0x4c ./Core/Src/main.o
 .debug_macro   0x0001fee6       0x10 ./Core/Src/main.o
 .debug_macro   0x0001fef6       0x12 ./Core/Src/main.o
 .debug_macro   0x0001ff08       0x12 ./Core/Src/main.o
 .debug_macro   0x0001ff1a       0x16 ./Core/Src/main.o
 .debug_macro   0x0001ff30       0x43 ./Core/Src/main.o
 .debug_macro   0x0001ff73       0x34 ./Core/Src/main.o
 .debug_macro   0x0001ffa7       0x10 ./Core/Src/main.o
 .debug_macro   0x0001ffb7       0x58 ./Core/Src/main.o
 .debug_macro   0x0002000f       0x8e ./Core/Src/main.o
 .debug_macro   0x0002009d       0x1c ./Core/Src/main.o
 .debug_macro   0x000200b9      0x177 ./Core/Src/main.o
 .debug_macro   0x00020230      0x369 ./Core/Src/main.o
 .debug_macro   0x00020599       0x10 ./Core/Src/main.o
 .debug_macro   0x000205a9       0x20 ./Core/Src/main.o
 .debug_macro   0x000205c9      0x19b ./Core/Src/main.o
 .debug_macro   0x00020764       0xd6 ./Core/Src/main.o
 .debug_macro   0x0002083a       0x7c ./Core/Src/main.o
 .debug_macro   0x000208b6      0x1e2 ./Core/Src/stm32f4xx_hal_msp.o
 .debug_macro   0x00020a98      0x1ec ./Core/Src/stm32f4xx_it.o
 .debug_macro   0x00020c84      0x1d8 ./Core/Src/system_stm32f4xx.o
 .debug_macro   0x00020e5c      0x238 ./Drivers/STM32F4xx_HAL_Driver/Src/stm32f4xx_hal.o
 .debug_macro   0x00021094      0x1d9 ./Drivers/STM32F4xx_HAL_Driver/Src/stm32f4xx_hal_adc.o
 .debug_macro   0x0002126d      0x1d8 ./Drivers/STM32F4xx_HAL_Driver/Src/stm32f4xx_hal_cortex.o
 .debug_macro   0x00021445      0x1de ./Drivers/STM32F4xx_HAL_Driver/Src/stm32f4xx_hal_gpio.o
 .debug_macro   0x00021623      0x1fc ./Drivers/STM32F4xx_HAL_Driver/Src/stm32f4xx_hal_rcc.o

.debug_line     0x00000000     0x78da
 .debug_line    0x00000000      0xc1c ./Core/Src/main.o
 .debug_line    0x00000c1c      0x794 ./Core/Src/stm32f4xx_hal_msp.o
 .debug_line    0x000013b0      0x80f ./Core/Src/stm32f4xx_it.o
 .debug_line    0x00001bbf      0x7d1 ./Core/Src/system_stm32f4xx.o
 .debug_line    0x00002390       0x7a ./Core/Startup/startup_stm32f407vgtx.o
 .debug_line    0x0000240a      0xa3a ./Drivers/STM32F4xx_HAL_Driver/Src/stm32f4xx_hal.o
 .debug_line    0x00002e44     0x12c2 ./Drivers/STM32F4xx_HAL_Driver/Src/stm32f4xx_hal_adc.o
 .debug_line    0x00004106      0xd2c ./Drivers/STM32F4xx_HAL_Driver/Src/stm32f4xx_hal_cortex.o
 .debug_line    0x00004e32      0xbc6 ./Drivers/STM32F4xx_HAL_Driver/Src/stm32f4xx_hal_gpio.o
 .debug_line    0x000059f8      0xdc3 ./Drivers/STM32F4xx_HAL_Driver/Src/stm32f4xx_hal_rcc.o
 .debug_line    0x000067bb      0x14c D:\ECG_Heartbeat_Classification\hardware\prjHeartEcg\Drivers\CMSIS\Lib\GCC\libarm_cortexM4lf_math.a(arm_const_structs.o)
 .debug_line    0x00006907      0x135 D:\ECG_Heartbeat_Classification\hardware\prjHeartEcg\Drivers\CMSIS\Lib\GCC\libarm_cortexM4lf_math.a(arm_common_tables.o)
 .debug_line    0x00006a3c      0x35b D:\ECG_Heartbeat_Classification\hardware\prjHeartEcg\Drivers\CMSIS\Lib\GCC\libarm_cortexM4lf_math.a(arm_cfft_q15.o)
 .debug_line    0x00006d97       0xa2 D:\ECG_Heartbeat_Classification\hardware\prjHeartEcg\Drivers\CMSIS\Lib\GCC\libarm_cortexM4lf_math.a(arm_bitreversal2.o)
 .debug_line    0x00006e39      0x758 D:\ECG_Heartbeat_Classification\hardware\prjHeartEcg\Drivers\CMSIS\Lib\GCC\libarm_cortexM4lf_math.a(arm_cfft_radix4_q15.o)
 .debug_line    0x00007591      0x1cd D:\ECG_Heartbeat_Classification\hardware\prjHeartEcg\Drivers\CMSIS\Lib\GCC\libarm_cortexM4lf_math.a(arm_cmplx_mag_q15.o)
 .debug_line    0x0000775e      0x17c D:\ECG_Heartbeat_Classification\hardware\prjHeartEcg\Drivers\CMSIS\Lib\GCC\libarm_cortexM4lf_math.a(arm_sqrt_q15.o)

.debug_str      0x00000000    0xd218d
 .debug_str     0x00000000    0xcf9d3 ./Core/Src/main.o
                              0xcfd51 (size before relaxing)
 .debug_str     0x000cf9d3       0xd9 ./Core/Src/stm32f4xx_hal_msp.o
                              0xc792e (size before relaxing)
 .debug_str     0x000cfaac       0xc9 ./Core/Src/stm32f4xx_it.o
                              0xc7421 (size before relaxing)
 .debug_str     0x000cfb75       0xdb ./Core/Src/system_stm32f4xx.o
                              0xc754b (size before relaxing)
 .debug_str     0x000cfc50       0x44 ./Core/Startup/startup_stm32f407vgtx.o
                                 0x7f (size before relaxing)
 .debug_str     0x000cfc94      0xb07 ./Drivers/STM32F4xx_HAL_Driver/Src/stm32f4xx_hal.o
                              0xc80cf (size before relaxing)
 .debug_str     0x000d079b      0x2d8 ./Drivers/STM32F4xx_HAL_Driver/Src/stm32f4xx_hal_adc.o
                              0xc7b38 (size before relaxing)
 .debug_str     0x000d0a73      0x38d ./Drivers/STM32F4xx_HAL_Driver/Src/stm32f4xx_hal_cortex.o
                              0xc7e4b (size before relaxing)
 .debug_str     0x000d0e00      0x15d ./Drivers/STM32F4xx_HAL_Driver/Src/stm32f4xx_hal_gpio.o
                              0xc76c6 (size before relaxing)
 .debug_str     0x000d0f5d      0x233 ./Drivers/STM32F4xx_HAL_Driver/Src/stm32f4xx_hal_rcc.o
                              0xc797f (size before relaxing)
 .debug_str     0x000d1190      0xbc5 D:\ECG_Heartbeat_Classification\hardware\prjHeartEcg\Drivers\CMSIS\Lib\GCC\libarm_cortexM4lf_math.a(arm_const_structs.o)
                                0xd32 (size before relaxing)
 .debug_str     0x000d1d55       0x86 D:\ECG_Heartbeat_Classification\hardware\prjHeartEcg\Drivers\CMSIS\Lib\GCC\libarm_cortexM4lf_math.a(arm_common_tables.o)
                                0x717 (size before relaxing)
 .debug_str     0x000d1ddb      0x121 D:\ECG_Heartbeat_Classification\hardware\prjHeartEcg\Drivers\CMSIS\Lib\GCC\libarm_cortexM4lf_math.a(arm_cfft_q15.o)
                                0x39d (size before relaxing)
 .debug_str     0x000d1efc      0x106 D:\ECG_Heartbeat_Classification\hardware\prjHeartEcg\Drivers\CMSIS\Lib\GCC\libarm_cortexM4lf_math.a(arm_cfft_radix4_q15.o)
                                0x3ef (size before relaxing)
 .debug_str     0x000d2002       0x6e D:\ECG_Heartbeat_Classification\hardware\prjHeartEcg\Drivers\CMSIS\Lib\GCC\libarm_cortexM4lf_math.a(arm_cmplx_mag_q15.o)
                                0x29d (size before relaxing)
 .debug_str     0x000d2070      0x11d D:\ECG_Heartbeat_Classification\hardware\prjHeartEcg\Drivers\CMSIS\Lib\GCC\libarm_cortexM4lf_math.a(arm_sqrt_q15.o)
                                0x329 (size before relaxing)

.comment        0x00000000       0xb1
 .comment       0x00000000       0x43 ./Core/Src/main.o
                                 0x44 (size before relaxing)
 .comment       0x00000043       0x44 ./Core/Src/stm32f4xx_hal_msp.o
 .comment       0x00000043       0x44 ./Core/Src/stm32f4xx_it.o
 .comment       0x00000043       0x44 ./Core/Src/system_stm32f4xx.o
 .comment       0x00000043       0x44 ./Drivers/STM32F4xx_HAL_Driver/Src/stm32f4xx_hal.o
 .comment       0x00000043       0x44 ./Drivers/STM32F4xx_HAL_Driver/Src/stm32f4xx_hal_adc.o
 .comment       0x00000043       0x44 ./Drivers/STM32F4xx_HAL_Driver/Src/stm32f4xx_hal_cortex.o
 .comment       0x00000043       0x44 ./Drivers/STM32F4xx_HAL_Driver/Src/stm32f4xx_hal_gpio.o
 .comment       0x00000043       0x44 ./Drivers/STM32F4xx_HAL_Driver/Src/stm32f4xx_hal_rcc.o
 .comment       0x00000043       0x6e D:\ECG_Heartbeat_Classification\hardware\prjHeartEcg\Drivers\CMSIS\Lib\GCC\libarm_cortexM4lf_math.a(arm_const_structs.o)
                                 0x6f (size before relaxing)
 .comment       0x000000b1       0x6f D:\ECG_Heartbeat_Classification\hardware\prjHeartEcg\Drivers\CMSIS\Lib\GCC\libarm_cortexM4lf_math.a(arm_common_tables.o)
 .comment       0x000000b1       0x6f D:\ECG_Heartbeat_Classification\hardware\prjHeartEcg\Drivers\CMSIS\Lib\GCC\libarm_cortexM4lf_math.a(arm_cfft_q15.o)
 .comment       0x000000b1       0x6f D:\ECG_Heartbeat_Classification\hardware\prjHeartEcg\Drivers\CMSIS\Lib\GCC\libarm_cortexM4lf_math.a(arm_cfft_radix4_q15.o)
 .comment       0x000000b1       0x6f D:\ECG_Heartbeat_Classification\hardware\prjHeartEcg\Drivers\CMSIS\Lib\GCC\libarm_cortexM4lf_math.a(arm_cmplx_mag_q15.o)
 .comment       0x000000b1       0x6f D:\ECG_Heartbeat_Classification\hardware\prjHeartEcg\Drivers\CMSIS\Lib\GCC\libarm_cortexM4lf_math.a(arm_sqrt_q15.o)

.debug_frame    0x00000000     0x192c
 .debug_frame   0x00000000      0x150 ./Core/Src/main.o
 .debug_frame   0x00000150       0x80 ./Core/Src/stm32f4xx_hal_msp.o
 .debug_frame   0x000001d0      0x104 ./Core/Src/stm32f4xx_it.o
 .debug_frame   0x000002d4       0x58 ./Core/Src/system_stm32f4xx.o
 .debug_frame   0x0000032c      0x374 ./Drivers/STM32F4xx_HAL_Driver/Src/stm32f4xx_hal.o
 .debug_frame   0x000006a0      0x3fc ./Drivers/STM32F4xx_HAL_Driver/Src/stm32f4xx_hal_adc.o
 .debug_frame   0x00000a9c      0x508 ./Drivers/STM32F4xx_HAL_Driver/Src/stm32f4xx_hal_cortex.o
 .debug_frame   0x00000fa4      0x14c ./Drivers/STM32F4xx_HAL_Driver/Src/stm32f4xx_hal_gpio.o
 .debug_frame   0x000010f0      0x1f4 ./Drivers/STM32F4xx_HAL_Driver/Src/stm32f4xx_hal_rcc.o
 .debug_frame   0x000012e4       0xb8 D:\ECG_Heartbeat_Classification\hardware\prjHeartEcg\Drivers\CMSIS\Lib\GCC\libarm_cortexM4lf_math.a(arm_cfft_q15.o)
 .debug_frame   0x0000139c       0x94 D:\ECG_Heartbeat_Classification\hardware\prjHeartEcg\Drivers\CMSIS\Lib\GCC\libarm_cortexM4lf_math.a(arm_cfft_radix4_q15.o)
 .debug_frame   0x00001430       0x3c D:\ECG_Heartbeat_Classification\hardware\prjHeartEcg\Drivers\CMSIS\Lib\GCC\libarm_cortexM4lf_math.a(arm_cmplx_mag_q15.o)
 .debug_frame   0x0000146c       0x40 D:\ECG_Heartbeat_Classification\hardware\prjHeartEcg\Drivers\CMSIS\Lib\GCC\libarm_cortexM4lf_math.a(arm_sqrt_q15.o)
 .debug_frame   0x000014ac       0x20 C:/ST/STM32CubeIDE_1.16.0/STM32CubeIDE/plugins/com.st.stm32cube.ide.mcu.externaltools.gnu-tools-for-stm32.12.3.rel1.win32_1.0.200.202406191623/tools/bin/../lib/gcc/arm-none-eabi/12.3.1/../../../../arm-none-eabi/lib/thumb/v7e-m+fp/hard\libc_nano.a(libc_a-memset.o)
 .debug_frame   0x000014cc       0x2c C:/ST/STM32CubeIDE_1.16.0/STM32CubeIDE/plugins/com.st.stm32cube.ide.mcu.externaltools.gnu-tools-for-stm32.12.3.rel1.win32_1.0.200.202406191623/tools/bin/../lib/gcc/arm-none-eabi/12.3.1/../../../../arm-none-eabi/lib/thumb/v7e-m+fp/hard\libc_nano.a(libc_a-init.o)
 .debug_frame   0x000014f8       0x38 C:/ST/STM32CubeIDE_1.16.0/STM32CubeIDE/plugins/com.st.stm32cube.ide.mcu.externaltools.gnu-tools-for-stm32.12.3.rel1.win32_1.0.200.202406191623/tools/bin/../lib/gcc/arm-none-eabi/12.3.1/../../../../arm-none-eabi/lib/thumb/v7e-m+fp/hard\libm.a(libm_a-s_sin.o)
 .debug_frame   0x00001530       0x2c C:/ST/STM32CubeIDE_1.16.0/STM32CubeIDE/plugins/com.st.stm32cube.ide.mcu.externaltools.gnu-tools-for-stm32.12.3.rel1.win32_1.0.200.202406191623/tools/bin/../lib/gcc/arm-none-eabi/12.3.1/../../../../arm-none-eabi/lib/thumb/v7e-m+fp/hard\libm.a(libm_a-s_round.o)
 .debug_frame   0x0000155c       0x3c C:/ST/STM32CubeIDE_1.16.0/STM32CubeIDE/plugins/com.st.stm32cube.ide.mcu.externaltools.gnu-tools-for-stm32.12.3.rel1.win32_1.0.200.202406191623/tools/bin/../lib/gcc/arm-none-eabi/12.3.1/../../../../arm-none-eabi/lib/thumb/v7e-m+fp/hard\libm.a(libm_a-k_cos.o)
 .debug_frame   0x00001598       0x40 C:/ST/STM32CubeIDE_1.16.0/STM32CubeIDE/plugins/com.st.stm32cube.ide.mcu.externaltools.gnu-tools-for-stm32.12.3.rel1.win32_1.0.200.202406191623/tools/bin/../lib/gcc/arm-none-eabi/12.3.1/../../../../arm-none-eabi/lib/thumb/v7e-m+fp/hard\libm.a(libm_a-k_sin.o)
 .debug_frame   0x000015d8       0x40 C:/ST/STM32CubeIDE_1.16.0/STM32CubeIDE/plugins/com.st.stm32cube.ide.mcu.externaltools.gnu-tools-for-stm32.12.3.rel1.win32_1.0.200.202406191623/tools/bin/../lib/gcc/arm-none-eabi/12.3.1/../../../../arm-none-eabi/lib/thumb/v7e-m+fp/hard\libm.a(libm_a-e_rem_pio2.o)
 .debug_frame   0x00001618       0x20 C:/ST/STM32CubeIDE_1.16.0/STM32CubeIDE/plugins/com.st.stm32cube.ide.mcu.externaltools.gnu-tools-for-stm32.12.3.rel1.win32_1.0.200.202406191623/tools/bin/../lib/gcc/arm-none-eabi/12.3.1/../../../../arm-none-eabi/lib/thumb/v7e-m+fp/hard\libm.a(libm_a-s_fabs.o)
 .debug_frame   0x00001638       0x54 C:/ST/STM32CubeIDE_1.16.0/STM32CubeIDE/plugins/com.st.stm32cube.ide.mcu.externaltools.gnu-tools-for-stm32.12.3.rel1.win32_1.0.200.202406191623/tools/bin/../lib/gcc/arm-none-eabi/12.3.1/../../../../arm-none-eabi/lib/thumb/v7e-m+fp/hard\libm.a(libm_a-k_rem_pio2.o)
 .debug_frame   0x0000168c       0x2c C:/ST/STM32CubeIDE_1.16.0/STM32CubeIDE/plugins/com.st.stm32cube.ide.mcu.externaltools.gnu-tools-for-stm32.12.3.rel1.win32_1.0.200.202406191623/tools/bin/../lib/gcc/arm-none-eabi/12.3.1/../../../../arm-none-eabi/lib/thumb/v7e-m+fp/hard\libm.a(libm_a-s_scalbn.o)
 .debug_frame   0x000016b8       0x30 C:/ST/STM32CubeIDE_1.16.0/STM32CubeIDE/plugins/com.st.stm32cube.ide.mcu.externaltools.gnu-tools-for-stm32.12.3.rel1.win32_1.0.200.202406191623/tools/bin/../lib/gcc/arm-none-eabi/12.3.1/../../../../arm-none-eabi/lib/thumb/v7e-m+fp/hard\libm.a(libm_a-s_floor.o)
 .debug_frame   0x000016e8       0xac C:/ST/STM32CubeIDE_1.16.0/STM32CubeIDE/plugins/com.st.stm32cube.ide.mcu.externaltools.gnu-tools-for-stm32.12.3.rel1.win32_1.0.200.202406191623/tools/bin/../lib/gcc/arm-none-eabi/12.3.1/thumb/v7e-m+fp/hard\libgcc.a(_arm_addsubdf3.o)
 .debug_frame   0x00001794       0x50 C:/ST/STM32CubeIDE_1.16.0/STM32CubeIDE/plugins/com.st.stm32cube.ide.mcu.externaltools.gnu-tools-for-stm32.12.3.rel1.win32_1.0.200.202406191623/tools/bin/../lib/gcc/arm-none-eabi/12.3.1/thumb/v7e-m+fp/hard\libgcc.a(_arm_muldivdf3.o)
 .debug_frame   0x000017e4       0xc4 C:/ST/STM32CubeIDE_1.16.0/STM32CubeIDE/plugins/com.st.stm32cube.ide.mcu.externaltools.gnu-tools-for-stm32.12.3.rel1.win32_1.0.200.202406191623/tools/bin/../lib/gcc/arm-none-eabi/12.3.1/thumb/v7e-m+fp/hard\libgcc.a(_arm_cmpdf2.o)
 .debug_frame   0x000018a8       0x24 C:/ST/STM32CubeIDE_1.16.0/STM32CubeIDE/plugins/com.st.stm32cube.ide.mcu.externaltools.gnu-tools-for-stm32.12.3.rel1.win32_1.0.200.202406191623/tools/bin/../lib/gcc/arm-none-eabi/12.3.1/thumb/v7e-m+fp/hard\libgcc.a(_arm_fixdfsi.o)
 .debug_frame   0x000018cc       0x2c C:/ST/STM32CubeIDE_1.16.0/STM32CubeIDE/plugins/com.st.stm32cube.ide.mcu.externaltools.gnu-tools-for-stm32.12.3.rel1.win32_1.0.200.202406191623/tools/bin/../lib/gcc/arm-none-eabi/12.3.1/thumb/v7e-m+fp/hard\libgcc.a(_aeabi_uldivmod.o)
 .debug_frame   0x000018f8       0x34 C:/ST/STM32CubeIDE_1.16.0/STM32CubeIDE/plugins/com.st.stm32cube.ide.mcu.externaltools.gnu-tools-for-stm32.12.3.rel1.win32_1.0.200.202406191623/tools/bin/../lib/gcc/arm-none-eabi/12.3.1/thumb/v7e-m+fp/hard\libgcc.a(_udivmoddi4.o)

.debug_line_str
                0x00000000       0x63
 .debug_line_str
                0x00000000       0x63 ./Core/Startup/startup_stm32f407vgtx.o

.debug_loc      0x00000000     0x2de5
 .debug_loc     0x00000000      0xbbd D:\ECG_Heartbeat_Classification\hardware\prjHeartEcg\Drivers\CMSIS\Lib\GCC\libarm_cortexM4lf_math.a(arm_cfft_q15.o)
 .debug_loc     0x00000bbd     0x1d6b D:\ECG_Heartbeat_Classification\hardware\prjHeartEcg\Drivers\CMSIS\Lib\GCC\libarm_cortexM4lf_math.a(arm_cfft_radix4_q15.o)
 .debug_loc     0x00002928      0x283 D:\ECG_Heartbeat_Classification\hardware\prjHeartEcg\Drivers\CMSIS\Lib\GCC\libarm_cortexM4lf_math.a(arm_cmplx_mag_q15.o)
 .debug_loc     0x00002bab      0x23a D:\ECG_Heartbeat_Classification\hardware\prjHeartEcg\Drivers\CMSIS\Lib\GCC\libarm_cortexM4lf_math.a(arm_sqrt_q15.o)

.debug_ranges   0x00000000       0xf0
 .debug_ranges  0x00000000       0x50 D:\ECG_Heartbeat_Classification\hardware\prjHeartEcg\Drivers\CMSIS\Lib\GCC\libarm_cortexM4lf_math.a(arm_cfft_q15.o)
 .debug_ranges  0x00000050       0x80 D:\ECG_Heartbeat_Classification\hardware\prjHeartEcg\Drivers\CMSIS\Lib\GCC\libarm_cortexM4lf_math.a(arm_cfft_radix4_q15.o)
 .debug_ranges  0x000000d0       0x10 D:\ECG_Heartbeat_Classification\hardware\prjHeartEcg\Drivers\CMSIS\Lib\GCC\libarm_cortexM4lf_math.a(arm_cmplx_mag_q15.o)
 .debug_ranges  0x000000e0       0x10 D:\ECG_Heartbeat_Classification\hardware\prjHeartEcg\Drivers\CMSIS\Lib\GCC\libarm_cortexM4lf_math.a(arm_sqrt_q15.o)
